mode: set
github.com/go-nv/goenv/internal/sbom/diff.go:72.81,73.17 1 1
github.com/go-nv/goenv/internal/sbom/diff.go:73.17,75.3 1 0
github.com/go-nv/goenv/internal/sbom/diff.go:78.2,79.16 2 1
github.com/go-nv/goenv/internal/sbom/diff.go:79.16,81.3 1 0
github.com/go-nv/goenv/internal/sbom/diff.go:83.2,84.16 2 1
github.com/go-nv/goenv/internal/sbom/diff.go:84.16,86.3 1 0
github.com/go-nv/goenv/internal/sbom/diff.go:89.2,113.42 4 1
github.com/go-nv/goenv/internal/sbom/diff.go:113.42,114.52 1 1
github.com/go-nv/goenv/internal/sbom/diff.go:114.52,117.19 2 1
github.com/go-nv/goenv/internal/sbom/diff.go:117.19,119.5 1 1
github.com/go-nv/goenv/internal/sbom/diff.go:119.10,119.33 1 1
github.com/go-nv/goenv/internal/sbom/diff.go:119.33,127.5 1 0
github.com/go-nv/goenv/internal/sbom/diff.go:128.9,138.4 1 1
github.com/go-nv/goenv/internal/sbom/diff.go:142.2,142.42 1 1
github.com/go-nv/goenv/internal/sbom/diff.go:142.42,143.47 1 1
github.com/go-nv/goenv/internal/sbom/diff.go:143.47,152.4 1 1
github.com/go-nv/goenv/internal/sbom/diff.go:156.2,164.20 6 1
github.com/go-nv/goenv/internal/sbom/diff.go:168.79,178.32 4 1
github.com/go-nv/goenv/internal/sbom/diff.go:178.32,188.28 7 1
github.com/go-nv/goenv/internal/sbom/diff.go:188.28,190.4 1 1
github.com/go-nv/goenv/internal/sbom/diff.go:190.9,190.37 1 1
github.com/go-nv/goenv/internal/sbom/diff.go:190.37,192.4 1 1
github.com/go-nv/goenv/internal/sbom/diff.go:192.9,194.4 1 0
github.com/go-nv/goenv/internal/sbom/diff.go:198.2,198.56 1 1
github.com/go-nv/goenv/internal/sbom/diff.go:198.56,202.28 4 1
github.com/go-nv/goenv/internal/sbom/diff.go:202.28,204.4 1 1
github.com/go-nv/goenv/internal/sbom/diff.go:205.3,205.100 1 1
github.com/go-nv/goenv/internal/sbom/diff.go:208.2,208.17 1 1
github.com/go-nv/goenv/internal/sbom/diff.go:208.17,210.3 1 1
github.com/go-nv/goenv/internal/sbom/diff.go:212.2,214.13 3 1
github.com/go-nv/goenv/internal/sbom/diff.go:218.67,223.22 3 1
github.com/go-nv/goenv/internal/sbom/diff.go:223.22,225.3 1 1
github.com/go-nv/goenv/internal/sbom/diff.go:228.2,228.41 1 1
github.com/go-nv/goenv/internal/sbom/diff.go:228.41,230.3 1 1
github.com/go-nv/goenv/internal/sbom/diff.go:230.8,230.48 1 1
github.com/go-nv/goenv/internal/sbom/diff.go:230.48,232.3 1 1
github.com/go-nv/goenv/internal/sbom/diff.go:234.2,234.18 1 0
github.com/go-nv/goenv/internal/sbom/diff.go:238.59,247.39 2 1
github.com/go-nv/goenv/internal/sbom/diff.go:247.39,248.65 1 1
github.com/go-nv/goenv/internal/sbom/diff.go:248.65,249.34 1 1
github.com/go-nv/goenv/internal/sbom/diff.go:249.34,251.5 1 1
github.com/go-nv/goenv/internal/sbom/diff.go:251.10,251.43 1 1
github.com/go-nv/goenv/internal/sbom/diff.go:251.43,253.5 1 1
github.com/go-nv/goenv/internal/sbom/diff.go:255.3,255.91 1 1
github.com/go-nv/goenv/internal/sbom/diff.go:255.91,257.4 1 1
github.com/go-nv/goenv/internal/sbom/diff.go:260.2,263.16 2 1
github.com/go-nv/goenv/internal/sbom/diff.go:267.48,268.40 1 1
github.com/go-nv/goenv/internal/sbom/diff.go:268.40,269.39 1 1
github.com/go-nv/goenv/internal/sbom/diff.go:269.39,271.4 1 0
github.com/go-nv/goenv/internal/sbom/diff.go:272.3,272.39 1 1
github.com/go-nv/goenv/internal/sbom/diff.go:293.56,295.16 2 1
github.com/go-nv/goenv/internal/sbom/diff.go:295.16,297.3 1 1
github.com/go-nv/goenv/internal/sbom/diff.go:301.2,318.51 2 1
github.com/go-nv/goenv/internal/sbom/diff.go:318.51,320.3 1 1
github.com/go-nv/goenv/internal/sbom/diff.go:322.2,328.38 2 1
github.com/go-nv/goenv/internal/sbom/diff.go:328.38,330.66 2 1
github.com/go-nv/goenv/internal/sbom/diff.go:330.66,332.4 1 1
github.com/go-nv/goenv/internal/sbom/diff.go:332.9,332.75 1 1
github.com/go-nv/goenv/internal/sbom/diff.go:332.75,334.4 1 0
github.com/go-nv/goenv/internal/sbom/diff.go:336.3,342.5 1 1
github.com/go-nv/goenv/internal/sbom/diff.go:345.2,345.18 1 1
github.com/go-nv/goenv/internal/sbom/diff.go:349.64,351.33 2 1
github.com/go-nv/goenv/internal/sbom/diff.go:351.33,355.3 3 1
github.com/go-nv/goenv/internal/sbom/diff.go:356.2,356.10 1 1
github.com/go-nv/goenv/internal/sbom/diff.go:360.46,361.17 1 1
github.com/go-nv/goenv/internal/sbom/diff.go:361.17,363.3 1 1
github.com/go-nv/goenv/internal/sbom/diff.go:364.2,364.13 1 1
github.com/go-nv/goenv/internal/sbom/diff_format.go:21.71,23.14 2 1
github.com/go-nv/goenv/internal/sbom/diff_format.go:23.14,25.3 1 1
github.com/go-nv/goenv/internal/sbom/diff_format.go:26.2,26.31 1 1
github.com/go-nv/goenv/internal/sbom/diff_format.go:36.72,50.80 11 1
github.com/go-nv/goenv/internal/sbom/diff_format.go:50.80,55.3 4 1
github.com/go-nv/goenv/internal/sbom/diff_format.go:57.2,57.39 1 1
github.com/go-nv/goenv/internal/sbom/diff_format.go:57.39,59.3 1 0
github.com/go-nv/goenv/internal/sbom/diff_format.go:62.2,62.27 1 1
github.com/go-nv/goenv/internal/sbom/diff_format.go:62.27,66.37 4 1
github.com/go-nv/goenv/internal/sbom/diff_format.go:66.37,69.4 2 1
github.com/go-nv/goenv/internal/sbom/diff_format.go:73.2,73.29 1 1
github.com/go-nv/goenv/internal/sbom/diff_format.go:73.29,77.39 4 1
github.com/go-nv/goenv/internal/sbom/diff_format.go:77.39,80.4 2 1
github.com/go-nv/goenv/internal/sbom/diff_format.go:84.2,84.30 1 1
github.com/go-nv/goenv/internal/sbom/diff_format.go:84.30,88.40 4 1
github.com/go-nv/goenv/internal/sbom/diff_format.go:88.40,92.40 3 1
github.com/go-nv/goenv/internal/sbom/diff_format.go:92.40,94.5 1 1
github.com/go-nv/goenv/internal/sbom/diff_format.go:99.2,99.50 1 1
github.com/go-nv/goenv/internal/sbom/diff_format.go:99.50,103.41 4 1
github.com/go-nv/goenv/internal/sbom/diff_format.go:103.41,105.4 1 1
github.com/go-nv/goenv/internal/sbom/diff_format.go:108.2,108.12 1 1
github.com/go-nv/goenv/internal/sbom/diff_format.go:111.69,114.24 2 1
github.com/go-nv/goenv/internal/sbom/diff_format.go:114.24,116.3 1 1
github.com/go-nv/goenv/internal/sbom/diff_format.go:118.2,118.24 1 1
github.com/go-nv/goenv/internal/sbom/diff_format.go:118.24,120.3 1 1
github.com/go-nv/goenv/internal/sbom/diff_format.go:122.2,122.40 1 1
github.com/go-nv/goenv/internal/sbom/diff_format.go:125.73,126.22 1 1
github.com/go-nv/goenv/internal/sbom/diff_format.go:126.22,128.3 1 1
github.com/go-nv/goenv/internal/sbom/diff_format.go:129.2,129.18 1 1
github.com/go-nv/goenv/internal/sbom/diff_format.go:132.62,133.14 1 1
github.com/go-nv/goenv/internal/sbom/diff_format.go:133.14,135.3 1 1
github.com/go-nv/goenv/internal/sbom/diff_format.go:137.2,144.35 2 1
github.com/go-nv/goenv/internal/sbom/diff_format.go:144.35,146.3 1 1
github.com/go-nv/goenv/internal/sbom/diff_format.go:147.2,147.13 1 1
github.com/go-nv/goenv/internal/sbom/diff_format.go:154.73,156.37 1 1
github.com/go-nv/goenv/internal/sbom/diff_format.go:156.37,158.3 1 1
github.com/go-nv/goenv/internal/sbom/diff_format.go:160.2,160.35 1 1
github.com/go-nv/goenv/internal/sbom/diff_format.go:160.35,162.3 1 1
github.com/go-nv/goenv/internal/sbom/diff_format.go:164.2,164.42 1 1
github.com/go-nv/goenv/internal/sbom/diff_format.go:164.42,166.3 1 0
github.com/go-nv/goenv/internal/sbom/diff_format.go:169.2,176.48 6 1
github.com/go-nv/goenv/internal/sbom/diff_format.go:176.48,178.3 1 0
github.com/go-nv/goenv/internal/sbom/diff_format.go:180.2,183.12 3 1
github.com/go-nv/goenv/internal/sbom/diff_format.go:192.75,206.80 11 1
github.com/go-nv/goenv/internal/sbom/diff_format.go:206.80,209.3 2 1
github.com/go-nv/goenv/internal/sbom/diff_format.go:211.2,211.39 1 1
github.com/go-nv/goenv/internal/sbom/diff_format.go:211.39,213.3 1 0
github.com/go-nv/goenv/internal/sbom/diff_format.go:214.2,217.27 2 1
github.com/go-nv/goenv/internal/sbom/diff_format.go:217.27,220.37 3 1
github.com/go-nv/goenv/internal/sbom/diff_format.go:220.37,222.26 2 1
github.com/go-nv/goenv/internal/sbom/diff_format.go:222.26,224.5 1 1
github.com/go-nv/goenv/internal/sbom/diff_format.go:225.4,225.19 1 1
github.com/go-nv/goenv/internal/sbom/diff_format.go:227.3,227.18 1 1
github.com/go-nv/goenv/internal/sbom/diff_format.go:231.2,231.29 1 1
github.com/go-nv/goenv/internal/sbom/diff_format.go:231.29,234.39 3 1
github.com/go-nv/goenv/internal/sbom/diff_format.go:234.39,236.26 2 1
github.com/go-nv/goenv/internal/sbom/diff_format.go:236.26,238.5 1 0
github.com/go-nv/goenv/internal/sbom/diff_format.go:239.4,239.19 1 1
github.com/go-nv/goenv/internal/sbom/diff_format.go:241.3,241.18 1 1
github.com/go-nv/goenv/internal/sbom/diff_format.go:245.2,245.30 1 1
github.com/go-nv/goenv/internal/sbom/diff_format.go:245.30,248.40 3 1
github.com/go-nv/goenv/internal/sbom/diff_format.go:248.40,250.40 2 1
github.com/go-nv/goenv/internal/sbom/diff_format.go:250.40,252.5 1 1
github.com/go-nv/goenv/internal/sbom/diff_format.go:254.3,254.18 1 1
github.com/go-nv/goenv/internal/sbom/diff_format.go:257.2,257.12 1 1
github.com/go-nv/goenv/internal/sbom/diff_format.go:260.76,261.22 1 1
github.com/go-nv/goenv/internal/sbom/diff_format.go:261.22,263.3 1 1
github.com/go-nv/goenv/internal/sbom/diff_format.go:264.2,264.18 1 1
github.com/go-nv/goenv/internal/sbom/diff_format.go:268.92,269.16 1 1
github.com/go-nv/goenv/internal/sbom/diff_format.go:270.14,271.43 1 1
github.com/go-nv/goenv/internal/sbom/diff_format.go:272.22,273.44 1 1
github.com/go-nv/goenv/internal/sbom/diff_format.go:274.15,275.77 1 1
github.com/go-nv/goenv/internal/sbom/diff_format.go:276.16,277.33 1 1
github.com/go-nv/goenv/internal/sbom/diff_format.go:278.24,279.63 1 1
github.com/go-nv/goenv/internal/sbom/diff_format.go:280.10,281.102 1 1
github.com/go-nv/goenv/internal/sbom/drift.go:69.67,70.23 1 1
github.com/go-nv/goenv/internal/sbom/drift.go:70.23,72.3 1 1
github.com/go-nv/goenv/internal/sbom/drift.go:75.2,75.55 1 1
github.com/go-nv/goenv/internal/sbom/drift.go:75.55,77.3 1 0
github.com/go-nv/goenv/internal/sbom/drift.go:79.2,81.8 1 1
github.com/go-nv/goenv/internal/sbom/drift.go:85.89,86.16 1 1
github.com/go-nv/goenv/internal/sbom/drift.go:86.16,88.3 1 1
github.com/go-nv/goenv/internal/sbom/drift.go:91.2,92.16 2 1
github.com/go-nv/goenv/internal/sbom/drift.go:92.16,94.3 1 1
github.com/go-nv/goenv/internal/sbom/drift.go:97.2,114.16 4 1
github.com/go-nv/goenv/internal/sbom/drift.go:114.16,116.3 1 0
github.com/go-nv/goenv/internal/sbom/drift.go:118.2,118.63 1 1
github.com/go-nv/goenv/internal/sbom/drift.go:118.63,120.3 1 0
github.com/go-nv/goenv/internal/sbom/drift.go:122.2,122.12 1 1
github.com/go-nv/goenv/internal/sbom/drift.go:126.115,127.24 1 1
github.com/go-nv/goenv/internal/sbom/drift.go:127.24,129.3 1 0
github.com/go-nv/goenv/internal/sbom/drift.go:132.2,134.16 3 1
github.com/go-nv/goenv/internal/sbom/drift.go:134.16,136.3 1 1
github.com/go-nv/goenv/internal/sbom/drift.go:138.2,142.64 2 1
github.com/go-nv/goenv/internal/sbom/drift.go:142.64,144.3 1 0
github.com/go-nv/goenv/internal/sbom/drift.go:147.2,148.16 2 1
github.com/go-nv/goenv/internal/sbom/drift.go:148.16,150.3 1 0
github.com/go-nv/goenv/internal/sbom/drift.go:153.2,154.16 2 1
github.com/go-nv/goenv/internal/sbom/drift.go:154.16,156.3 1 0
github.com/go-nv/goenv/internal/sbom/drift.go:157.2,163.16 3 1
github.com/go-nv/goenv/internal/sbom/drift.go:163.16,165.3 1 0
github.com/go-nv/goenv/internal/sbom/drift.go:168.2,192.20 4 1
github.com/go-nv/goenv/internal/sbom/drift.go:196.65,198.16 2 1
github.com/go-nv/goenv/internal/sbom/drift.go:198.16,200.3 1 0
github.com/go-nv/goenv/internal/sbom/drift.go:202.2,203.32 2 1
github.com/go-nv/goenv/internal/sbom/drift.go:203.32,204.74 1 1
github.com/go-nv/goenv/internal/sbom/drift.go:204.74,205.12 1 0
github.com/go-nv/goenv/internal/sbom/drift.go:208.3,210.17 3 1
github.com/go-nv/goenv/internal/sbom/drift.go:210.17,211.12 1 0
github.com/go-nv/goenv/internal/sbom/drift.go:214.3,217.57 2 1
github.com/go-nv/goenv/internal/sbom/drift.go:217.57,218.12 1 0
github.com/go-nv/goenv/internal/sbom/drift.go:222.3,223.55 2 1
github.com/go-nv/goenv/internal/sbom/drift.go:226.2,226.23 1 1
github.com/go-nv/goenv/internal/sbom/drift.go:230.59,231.16 1 1
github.com/go-nv/goenv/internal/sbom/drift.go:231.16,233.3 1 1
github.com/go-nv/goenv/internal/sbom/drift.go:235.2,236.48 2 1
github.com/go-nv/goenv/internal/sbom/drift.go:236.48,237.25 1 1
github.com/go-nv/goenv/internal/sbom/drift.go:237.25,239.4 1 1
github.com/go-nv/goenv/internal/sbom/drift.go:240.3,240.58 1 0
github.com/go-nv/goenv/internal/sbom/drift.go:243.2,243.12 1 1
github.com/go-nv/goenv/internal/sbom/drift.go:247.100,251.34 2 1
github.com/go-nv/goenv/internal/sbom/drift.go:251.34,252.74 1 1
github.com/go-nv/goenv/internal/sbom/drift.go:252.74,260.4 1 1
github.com/go-nv/goenv/internal/sbom/drift.go:264.2,264.36 1 1
github.com/go-nv/goenv/internal/sbom/drift.go:264.36,265.73 1 1
github.com/go-nv/goenv/internal/sbom/drift.go:265.73,273.4 1 1
github.com/go-nv/goenv/internal/sbom/drift.go:277.2,277.37 1 1
github.com/go-nv/goenv/internal/sbom/drift.go:277.37,281.54 2 1
github.com/go-nv/goenv/internal/sbom/drift.go:281.54,290.4 1 1
github.com/go-nv/goenv/internal/sbom/drift.go:293.3,293.58 1 1
github.com/go-nv/goenv/internal/sbom/drift.go:293.58,302.4 1 1
github.com/go-nv/goenv/internal/sbom/drift.go:305.3,305.123 1 1
github.com/go-nv/goenv/internal/sbom/drift.go:305.123,314.4 1 1
github.com/go-nv/goenv/internal/sbom/drift.go:318.2,318.100 1 1
github.com/go-nv/goenv/internal/sbom/drift.go:318.100,319.27 1 1
github.com/go-nv/goenv/internal/sbom/drift.go:319.27,325.4 1 1
github.com/go-nv/goenv/internal/sbom/drift.go:328.2,328.19 1 1
github.com/go-nv/goenv/internal/sbom/drift.go:332.129,338.31 2 1
github.com/go-nv/goenv/internal/sbom/drift.go:338.31,339.17 1 1
github.com/go-nv/goenv/internal/sbom/drift.go:340.16,341.29 1 1
github.com/go-nv/goenv/internal/sbom/drift.go:342.18,343.31 1 1
github.com/go-nv/goenv/internal/sbom/drift.go:344.18,345.32 1 1
github.com/go-nv/goenv/internal/sbom/drift.go:346.20,347.34 1 1
github.com/go-nv/goenv/internal/sbom/drift.go:348.25,349.28 1 1
github.com/go-nv/goenv/internal/sbom/drift.go:354.2,356.16 2 1
github.com/go-nv/goenv/internal/sbom/drift.go:360.84,361.26 1 1
github.com/go-nv/goenv/internal/sbom/drift.go:361.26,363.3 1 1
github.com/go-nv/goenv/internal/sbom/drift.go:365.2,368.31 3 1
github.com/go-nv/goenv/internal/sbom/drift.go:368.31,369.21 1 1
github.com/go-nv/goenv/internal/sbom/drift.go:370.15,371.18 1 1
github.com/go-nv/goenv/internal/sbom/drift.go:372.17,373.20 1 1
github.com/go-nv/goenv/internal/sbom/drift.go:377.2,377.13 1 1
github.com/go-nv/goenv/internal/sbom/drift.go:377.13,379.3 1 1
github.com/go-nv/goenv/internal/sbom/drift.go:380.2,380.15 1 1
github.com/go-nv/goenv/internal/sbom/drift.go:380.15,382.3 1 1
github.com/go-nv/goenv/internal/sbom/drift.go:383.2,383.14 1 1
github.com/go-nv/goenv/internal/sbom/drift.go:387.92,388.31 1 1
github.com/go-nv/goenv/internal/sbom/drift.go:388.31,390.3 1 1
github.com/go-nv/goenv/internal/sbom/drift.go:392.2,394.42 2 1
github.com/go-nv/goenv/internal/sbom/drift.go:394.42,396.38 1 1
github.com/go-nv/goenv/internal/sbom/drift.go:396.38,398.4 1 1
github.com/go-nv/goenv/internal/sbom/drift.go:401.2,401.14 1 0
github.com/go-nv/goenv/internal/sbom/drift.go:405.45,406.20 1 1
github.com/go-nv/goenv/internal/sbom/drift.go:406.20,408.3 1 1
github.com/go-nv/goenv/internal/sbom/drift.go:411.2,411.72 1 1
github.com/go-nv/goenv/internal/sbom/drift.go:411.72,413.3 1 1
github.com/go-nv/goenv/internal/sbom/drift.go:414.2,414.37 1 1
github.com/go-nv/goenv/internal/sbom/drift.go:414.37,416.3 1 1
github.com/go-nv/goenv/internal/sbom/drift.go:417.2,417.37 1 1
github.com/go-nv/goenv/internal/sbom/drift.go:417.37,419.3 1 1
github.com/go-nv/goenv/internal/sbom/drift.go:421.2,421.23 1 1
github.com/go-nv/goenv/internal/sbom/drift.go:425.53,426.17 1 1
github.com/go-nv/goenv/internal/sbom/drift.go:426.17,428.3 1 1
github.com/go-nv/goenv/internal/sbom/drift.go:429.2,429.13 1 1
github.com/go-nv/goenv/internal/sbom/drift.go:433.80,435.16 2 1
github.com/go-nv/goenv/internal/sbom/drift.go:435.16,437.3 1 0
github.com/go-nv/goenv/internal/sbom/drift.go:438.2,467.34 6 1
github.com/go-nv/goenv/internal/sbom/drift.go:467.34,475.25 2 1
github.com/go-nv/goenv/internal/sbom/drift.go:475.25,485.4 1 1
github.com/go-nv/goenv/internal/sbom/drift.go:487.3,487.51 1 1
github.com/go-nv/goenv/internal/sbom/drift.go:490.2,491.16 2 1
github.com/go-nv/goenv/internal/sbom/drift.go:491.16,493.3 1 0
github.com/go-nv/goenv/internal/sbom/drift.go:495.2,495.47 1 1
github.com/go-nv/goenv/internal/sbom/drift.go:495.47,497.3 1 0
github.com/go-nv/goenv/internal/sbom/drift.go:499.2,499.28 1 1
github.com/go-nv/goenv/internal/sbom/enhancer.go:29.70,34.2 1 0
github.com/go-nv/goenv/internal/sbom/enhancer.go:102.81,105.16 2 0
github.com/go-nv/goenv/internal/sbom/enhancer.go:105.16,107.3 1 0
github.com/go-nv/goenv/internal/sbom/enhancer.go:110.2,111.52 2 0
github.com/go-nv/goenv/internal/sbom/enhancer.go:111.52,113.3 1 0
github.com/go-nv/goenv/internal/sbom/enhancer.go:116.2,117.16 2 0
github.com/go-nv/goenv/internal/sbom/enhancer.go:117.16,119.3 1 0
github.com/go-nv/goenv/internal/sbom/enhancer.go:122.2,122.63 1 0
github.com/go-nv/goenv/internal/sbom/enhancer.go:122.63,124.3 1 0
github.com/go-nv/goenv/internal/sbom/enhancer.go:127.2,127.56 1 0
github.com/go-nv/goenv/internal/sbom/enhancer.go:127.56,129.3 1 0
github.com/go-nv/goenv/internal/sbom/enhancer.go:132.2,132.24 1 0
github.com/go-nv/goenv/internal/sbom/enhancer.go:132.24,134.3 1 0
github.com/go-nv/goenv/internal/sbom/enhancer.go:137.2,137.56 1 0
github.com/go-nv/goenv/internal/sbom/enhancer.go:141.80,147.66 2 0
github.com/go-nv/goenv/internal/sbom/enhancer.go:147.66,149.3 1 0
github.com/go-nv/goenv/internal/sbom/enhancer.go:152.2,152.24 1 0
github.com/go-nv/goenv/internal/sbom/enhancer.go:152.24,154.85 1 0
github.com/go-nv/goenv/internal/sbom/enhancer.go:154.85,155.49 1 0
github.com/go-nv/goenv/internal/sbom/enhancer.go:155.49,157.5 1 0
github.com/go-nv/goenv/internal/sbom/enhancer.go:159.8,161.3 1 0
github.com/go-nv/goenv/internal/sbom/enhancer.go:164.2,164.72 1 0
github.com/go-nv/goenv/internal/sbom/enhancer.go:164.72,166.3 1 0
github.com/go-nv/goenv/internal/sbom/enhancer.go:169.2,169.60 1 0
github.com/go-nv/goenv/internal/sbom/enhancer.go:169.60,171.3 1 0
github.com/go-nv/goenv/internal/sbom/enhancer.go:173.2,173.22 1 0
github.com/go-nv/goenv/internal/sbom/enhancer.go:177.81,185.49 2 0
github.com/go-nv/goenv/internal/sbom/enhancer.go:185.49,187.3 1 0
github.com/go-nv/goenv/internal/sbom/enhancer.go:190.2,190.46 1 0
github.com/go-nv/goenv/internal/sbom/enhancer.go:190.46,193.30 2 0
github.com/go-nv/goenv/internal/sbom/enhancer.go:193.30,194.43 1 0
github.com/go-nv/goenv/internal/sbom/enhancer.go:194.43,196.10 2 0
github.com/go-nv/goenv/internal/sbom/enhancer.go:202.2,206.95 3 0
github.com/go-nv/goenv/internal/sbom/enhancer.go:206.95,209.3 2 0
github.com/go-nv/goenv/internal/sbom/enhancer.go:211.2,211.17 1 0
github.com/go-nv/goenv/internal/sbom/enhancer.go:215.85,219.22 3 0
github.com/go-nv/goenv/internal/sbom/enhancer.go:219.22,221.3 1 0
github.com/go-nv/goenv/internal/sbom/enhancer.go:224.2,224.23 1 0
github.com/go-nv/goenv/internal/sbom/enhancer.go:224.23,225.80 1 0
github.com/go-nv/goenv/internal/sbom/enhancer.go:225.80,226.52 1 0
github.com/go-nv/goenv/internal/sbom/enhancer.go:226.52,228.5 1 0
github.com/go-nv/goenv/internal/sbom/enhancer.go:232.3,232.80 1 0
github.com/go-nv/goenv/internal/sbom/enhancer.go:232.80,233.52 1 0
github.com/go-nv/goenv/internal/sbom/enhancer.go:233.52,235.5 1 0
github.com/go-nv/goenv/internal/sbom/enhancer.go:240.2,241.32 2 0
github.com/go-nv/goenv/internal/sbom/enhancer.go:241.32,243.24 2 0
github.com/go-nv/goenv/internal/sbom/enhancer.go:243.24,245.37 2 0
github.com/go-nv/goenv/internal/sbom/enhancer.go:245.37,246.57 1 0
github.com/go-nv/goenv/internal/sbom/enhancer.go:246.57,248.6 1 0
github.com/go-nv/goenv/internal/sbom/enhancer.go:254.2,254.69 1 0
github.com/go-nv/goenv/internal/sbom/enhancer.go:254.69,256.3 1 0
github.com/go-nv/goenv/internal/sbom/enhancer.go:259.2,259.71 1 0
github.com/go-nv/goenv/internal/sbom/enhancer.go:259.71,261.3 1 0
github.com/go-nv/goenv/internal/sbom/enhancer.go:263.2,263.17 1 0
github.com/go-nv/goenv/internal/sbom/enhancer.go:267.90,269.32 2 1
github.com/go-nv/goenv/internal/sbom/enhancer.go:269.32,271.3 1 0
github.com/go-nv/goenv/internal/sbom/enhancer.go:273.2,274.16 2 1
github.com/go-nv/goenv/internal/sbom/enhancer.go:274.16,276.3 1 0
github.com/go-nv/goenv/internal/sbom/enhancer.go:278.2,282.29 4 1
github.com/go-nv/goenv/internal/sbom/enhancer.go:282.29,286.43 2 1
github.com/go-nv/goenv/internal/sbom/enhancer.go:286.43,288.12 2 0
github.com/go-nv/goenv/internal/sbom/enhancer.go:290.3,290.31 1 1
github.com/go-nv/goenv/internal/sbom/enhancer.go:290.31,292.12 2 0
github.com/go-nv/goenv/internal/sbom/enhancer.go:296.3,296.71 1 1
github.com/go-nv/goenv/internal/sbom/enhancer.go:296.71,298.24 2 1
github.com/go-nv/goenv/internal/sbom/enhancer.go:298.24,300.5 1 1
github.com/go-nv/goenv/internal/sbom/enhancer.go:304.2,304.24 1 1
github.com/go-nv/goenv/internal/sbom/enhancer.go:308.68,311.21 3 1
github.com/go-nv/goenv/internal/sbom/enhancer.go:311.21,313.3 1 0
github.com/go-nv/goenv/internal/sbom/enhancer.go:315.2,324.64 4 1
github.com/go-nv/goenv/internal/sbom/enhancer.go:324.64,328.3 3 1
github.com/go-nv/goenv/internal/sbom/enhancer.go:328.8,328.79 1 1
github.com/go-nv/goenv/internal/sbom/enhancer.go:328.79,332.3 3 1
github.com/go-nv/goenv/internal/sbom/enhancer.go:332.8,336.3 3 0
github.com/go-nv/goenv/internal/sbom/enhancer.go:338.2,338.18 1 1
github.com/go-nv/goenv/internal/sbom/enhancer.go:342.116,345.63 2 0
github.com/go-nv/goenv/internal/sbom/enhancer.go:345.63,347.3 1 0
github.com/go-nv/goenv/internal/sbom/enhancer.go:347.8,350.3 2 0
github.com/go-nv/goenv/internal/sbom/enhancer.go:354.2,358.68 3 0
github.com/go-nv/goenv/internal/sbom/enhancer.go:358.68,360.3 1 0
github.com/go-nv/goenv/internal/sbom/enhancer.go:363.2,365.12 2 0
github.com/go-nv/goenv/internal/sbom/enhancer.go:369.87,385.30 4 0
github.com/go-nv/goenv/internal/sbom/enhancer.go:385.30,390.3 1 0
github.com/go-nv/goenv/internal/sbom/enhancer.go:393.2,393.34 1 0
github.com/go-nv/goenv/internal/sbom/enhancer.go:393.34,412.23 6 0
github.com/go-nv/goenv/internal/sbom/enhancer.go:412.23,418.4 2 0
github.com/go-nv/goenv/internal/sbom/enhancer.go:420.3,420.23 1 0
github.com/go-nv/goenv/internal/sbom/enhancer.go:420.23,425.4 1 0
github.com/go-nv/goenv/internal/sbom/enhancer.go:429.2,429.35 1 0
github.com/go-nv/goenv/internal/sbom/enhancer.go:429.35,436.27 3 0
github.com/go-nv/goenv/internal/sbom/enhancer.go:436.27,441.4 1 0
github.com/go-nv/goenv/internal/sbom/enhancer.go:443.3,443.27 1 0
github.com/go-nv/goenv/internal/sbom/enhancer.go:443.27,448.4 1 0
github.com/go-nv/goenv/internal/sbom/enhancer.go:450.3,450.27 1 0
github.com/go-nv/goenv/internal/sbom/enhancer.go:450.27,455.4 1 0
github.com/go-nv/goenv/internal/sbom/enhancer.go:457.3,457.27 1 0
github.com/go-nv/goenv/internal/sbom/enhancer.go:457.27,463.4 2 0
github.com/go-nv/goenv/internal/sbom/enhancer.go:466.2,466.19 1 0
github.com/go-nv/goenv/internal/sbom/enhancer.go:470.94,472.9 2 0
github.com/go-nv/goenv/internal/sbom/enhancer.go:472.9,474.3 1 0
github.com/go-nv/goenv/internal/sbom/enhancer.go:477.2,477.108 1 0
github.com/go-nv/goenv/internal/sbom/enhancer.go:477.108,479.3 1 0
github.com/go-nv/goenv/internal/sbom/enhancer.go:484.2,485.12 2 0
github.com/go-nv/goenv/internal/sbom/enhancer.go:489.93,490.22 1 0
github.com/go-nv/goenv/internal/sbom/enhancer.go:490.22,492.3 1 0
github.com/go-nv/goenv/internal/sbom/enhancer.go:495.2,496.43 2 0
github.com/go-nv/goenv/internal/sbom/enhancer.go:496.43,498.3 1 0
github.com/go-nv/goenv/internal/sbom/enhancer.go:501.2,502.16 2 0
github.com/go-nv/goenv/internal/sbom/enhancer.go:502.16,504.3 1 0
github.com/go-nv/goenv/internal/sbom/enhancer.go:507.2,526.23 2 0
github.com/go-nv/goenv/internal/sbom/enhancer.go:530.79,534.88 2 1
github.com/go-nv/goenv/internal/sbom/enhancer.go:534.88,535.17 1 1
github.com/go-nv/goenv/internal/sbom/enhancer.go:535.17,537.4 1 0
github.com/go-nv/goenv/internal/sbom/enhancer.go:540.3,540.19 1 1
github.com/go-nv/goenv/internal/sbom/enhancer.go:540.19,542.78 2 1
github.com/go-nv/goenv/internal/sbom/enhancer.go:542.78,544.5 1 0
github.com/go-nv/goenv/internal/sbom/enhancer.go:545.4,545.14 1 1
github.com/go-nv/goenv/internal/sbom/enhancer.go:549.3,549.77 1 1
github.com/go-nv/goenv/internal/sbom/enhancer.go:549.77,551.4 1 1
github.com/go-nv/goenv/internal/sbom/enhancer.go:554.3,556.17 3 1
github.com/go-nv/goenv/internal/sbom/enhancer.go:556.17,558.4 1 0
github.com/go-nv/goenv/internal/sbom/enhancer.go:561.3,561.36 1 1
github.com/go-nv/goenv/internal/sbom/enhancer.go:561.36,565.37 2 1
github.com/go-nv/goenv/internal/sbom/enhancer.go:565.37,567.5 1 1
github.com/go-nv/goenv/internal/sbom/enhancer.go:570.3,570.13 1 1
github.com/go-nv/goenv/internal/sbom/enhancer.go:573.2,573.16 1 1
github.com/go-nv/goenv/internal/sbom/enhancer.go:573.16,575.3 1 0
github.com/go-nv/goenv/internal/sbom/enhancer.go:578.2,579.29 2 1
github.com/go-nv/goenv/internal/sbom/enhancer.go:579.29,581.3 1 1
github.com/go-nv/goenv/internal/sbom/enhancer.go:582.2,584.27 2 1
github.com/go-nv/goenv/internal/sbom/enhancer.go:588.60,600.41 1 1
github.com/go-nv/goenv/internal/sbom/enhancer.go:600.41,602.3 1 1
github.com/go-nv/goenv/internal/sbom/enhancer.go:605.2,605.50 1 1
github.com/go-nv/goenv/internal/sbom/enhancer.go:605.50,607.3 1 0
github.com/go-nv/goenv/internal/sbom/enhancer.go:610.2,611.52 2 1
github.com/go-nv/goenv/internal/sbom/enhancer.go:611.52,613.3 1 1
github.com/go-nv/goenv/internal/sbom/enhancer.go:616.2,616.45 1 1
github.com/go-nv/goenv/internal/sbom/enhancer.go:620.112,621.22 1 1
github.com/go-nv/goenv/internal/sbom/enhancer.go:621.22,623.3 1 0
github.com/go-nv/goenv/internal/sbom/enhancer.go:625.2,631.33 5 1
github.com/go-nv/goenv/internal/sbom/enhancer.go:631.33,633.3 1 1
github.com/go-nv/goenv/internal/sbom/enhancer.go:636.2,640.88 3 1
github.com/go-nv/goenv/internal/sbom/enhancer.go:640.88,641.17 1 1
github.com/go-nv/goenv/internal/sbom/enhancer.go:641.17,643.4 1 0
github.com/go-nv/goenv/internal/sbom/enhancer.go:646.3,646.19 1 1
github.com/go-nv/goenv/internal/sbom/enhancer.go:646.19,648.78 2 1
github.com/go-nv/goenv/internal/sbom/enhancer.go:648.78,650.5 1 0
github.com/go-nv/goenv/internal/sbom/enhancer.go:651.4,651.14 1 1
github.com/go-nv/goenv/internal/sbom/enhancer.go:655.3,655.38 1 1
github.com/go-nv/goenv/internal/sbom/enhancer.go:655.38,657.4 1 0
github.com/go-nv/goenv/internal/sbom/enhancer.go:660.3,661.17 2 1
github.com/go-nv/goenv/internal/sbom/enhancer.go:661.17,663.4 1 0
github.com/go-nv/goenv/internal/sbom/enhancer.go:665.3,666.45 2 1
github.com/go-nv/goenv/internal/sbom/enhancer.go:666.45,670.46 2 1
github.com/go-nv/goenv/internal/sbom/enhancer.go:670.46,676.18 4 1
github.com/go-nv/goenv/internal/sbom/enhancer.go:676.18,678.6 1 1
github.com/go-nv/goenv/internal/sbom/enhancer.go:678.11,681.89 2 0
github.com/go-nv/goenv/internal/sbom/enhancer.go:681.89,683.7 1 0
github.com/go-nv/goenv/internal/sbom/enhancer.go:685.5,685.10 1 1
github.com/go-nv/goenv/internal/sbom/enhancer.go:689.4,689.45 1 1
github.com/go-nv/goenv/internal/sbom/enhancer.go:689.45,694.18 4 1
github.com/go-nv/goenv/internal/sbom/enhancer.go:694.18,696.6 1 1
github.com/go-nv/goenv/internal/sbom/enhancer.go:696.11,698.89 2 0
github.com/go-nv/goenv/internal/sbom/enhancer.go:698.89,700.7 1 0
github.com/go-nv/goenv/internal/sbom/enhancer.go:702.5,702.10 1 1
github.com/go-nv/goenv/internal/sbom/enhancer.go:706.4,706.93 1 0
github.com/go-nv/goenv/internal/sbom/enhancer.go:706.93,707.10 1 0
github.com/go-nv/goenv/internal/sbom/enhancer.go:711.3,711.13 1 1
github.com/go-nv/goenv/internal/sbom/enhancer.go:714.2,714.16 1 1
github.com/go-nv/goenv/internal/sbom/enhancer.go:714.16,716.3 1 0
github.com/go-nv/goenv/internal/sbom/enhancer.go:719.2,720.39 2 1
github.com/go-nv/goenv/internal/sbom/enhancer.go:720.39,722.3 1 0
github.com/go-nv/goenv/internal/sbom/enhancer.go:723.2,724.31 2 1
github.com/go-nv/goenv/internal/sbom/enhancer.go:724.31,726.3 1 0
github.com/go-nv/goenv/internal/sbom/enhancer.go:727.2,730.48 3 1
github.com/go-nv/goenv/internal/sbom/enhancer.go:734.85,743.40 3 1
github.com/go-nv/goenv/internal/sbom/enhancer.go:743.40,745.30 2 1
github.com/go-nv/goenv/internal/sbom/enhancer.go:745.30,746.59 1 1
github.com/go-nv/goenv/internal/sbom/enhancer.go:746.59,748.5 1 1
github.com/go-nv/goenv/internal/sbom/enhancer.go:750.3,750.15 1 1
github.com/go-nv/goenv/internal/sbom/enhancer.go:754.2,754.40 1 1
github.com/go-nv/goenv/internal/sbom/enhancer.go:754.40,756.30 2 1
github.com/go-nv/goenv/internal/sbom/enhancer.go:756.30,757.60 1 1
github.com/go-nv/goenv/internal/sbom/enhancer.go:757.60,759.5 1 1
github.com/go-nv/goenv/internal/sbom/enhancer.go:761.3,761.14 1 1
github.com/go-nv/goenv/internal/sbom/enhancer.go:765.2,765.40 1 1
github.com/go-nv/goenv/internal/sbom/enhancer.go:765.40,767.3 1 1
github.com/go-nv/goenv/internal/sbom/enhancer.go:770.2,770.25 1 1
github.com/go-nv/goenv/internal/sbom/enhancer.go:774.91,779.33 2 1
github.com/go-nv/goenv/internal/sbom/enhancer.go:779.33,782.31 3 1
github.com/go-nv/goenv/internal/sbom/enhancer.go:782.31,784.35 2 1
github.com/go-nv/goenv/internal/sbom/enhancer.go:784.35,785.43 1 1
github.com/go-nv/goenv/internal/sbom/enhancer.go:785.43,787.11 2 0
github.com/go-nv/goenv/internal/sbom/enhancer.go:789.10,790.19 1 1
github.com/go-nv/goenv/internal/sbom/enhancer.go:790.19,792.11 2 1
github.com/go-nv/goenv/internal/sbom/enhancer.go:796.3,796.15 1 1
github.com/go-nv/goenv/internal/sbom/enhancer.go:796.15,798.4 1 1
github.com/go-nv/goenv/internal/sbom/enhancer.go:800.2,800.14 1 0
github.com/go-nv/goenv/internal/sbom/enhancer.go:804.93,805.22 1 1
github.com/go-nv/goenv/internal/sbom/enhancer.go:805.22,807.3 1 0
github.com/go-nv/goenv/internal/sbom/enhancer.go:810.2,811.32 2 1
github.com/go-nv/goenv/internal/sbom/enhancer.go:811.32,813.3 1 0
github.com/go-nv/goenv/internal/sbom/enhancer.go:815.2,816.16 2 1
github.com/go-nv/goenv/internal/sbom/enhancer.go:816.16,818.3 1 0
github.com/go-nv/goenv/internal/sbom/enhancer.go:821.2,825.29 4 1
github.com/go-nv/goenv/internal/sbom/enhancer.go:825.29,828.43 2 1
github.com/go-nv/goenv/internal/sbom/enhancer.go:828.43,830.12 2 1
github.com/go-nv/goenv/internal/sbom/enhancer.go:832.3,832.31 1 1
github.com/go-nv/goenv/internal/sbom/enhancer.go:832.31,834.12 2 1
github.com/go-nv/goenv/internal/sbom/enhancer.go:838.3,838.105 1 1
github.com/go-nv/goenv/internal/sbom/enhancer.go:838.105,843.37 3 1
github.com/go-nv/goenv/internal/sbom/enhancer.go:843.37,844.13 1 0
github.com/go-nv/goenv/internal/sbom/enhancer.go:847.4,848.23 2 1
github.com/go-nv/goenv/internal/sbom/enhancer.go:848.23,852.5 3 1
github.com/go-nv/goenv/internal/sbom/enhancer.go:857.2,857.34 1 1
github.com/go-nv/goenv/internal/sbom/enhancer.go:857.34,859.10 2 1
github.com/go-nv/goenv/internal/sbom/enhancer.go:859.10,860.12 1 0
github.com/go-nv/goenv/internal/sbom/enhancer.go:863.3,864.10 2 1
github.com/go-nv/goenv/internal/sbom/enhancer.go:864.10,865.12 1 0
github.com/go-nv/goenv/internal/sbom/enhancer.go:868.3,869.10 2 1
github.com/go-nv/goenv/internal/sbom/enhancer.go:869.10,870.12 1 0
github.com/go-nv/goenv/internal/sbom/enhancer.go:876.3,876.76 1 1
github.com/go-nv/goenv/internal/sbom/enhancer.go:876.76,883.45 1 1
github.com/go-nv/goenv/internal/sbom/enhancer.go:883.45,884.34 1 0
github.com/go-nv/goenv/internal/sbom/enhancer.go:884.34,886.6 1 0
github.com/go-nv/goenv/internal/sbom/enhancer.go:887.5,889.67 3 0
github.com/go-nv/goenv/internal/sbom/enhancer.go:894.2,894.12 1 1
github.com/go-nv/goenv/internal/sbom/enhancer.go:898.80,903.29 3 1
github.com/go-nv/goenv/internal/sbom/enhancer.go:903.29,906.43 2 1
github.com/go-nv/goenv/internal/sbom/enhancer.go:906.43,908.12 2 1
github.com/go-nv/goenv/internal/sbom/enhancer.go:910.3,910.31 1 1
github.com/go-nv/goenv/internal/sbom/enhancer.go:910.31,912.12 2 1
github.com/go-nv/goenv/internal/sbom/enhancer.go:916.3,916.105 1 1
github.com/go-nv/goenv/internal/sbom/enhancer.go:916.105,921.39 3 1
github.com/go-nv/goenv/internal/sbom/enhancer.go:921.39,923.5 1 1
github.com/go-nv/goenv/internal/sbom/enhancer.go:927.2,927.14 1 1
github.com/go-nv/goenv/internal/sbom/enhancer.go:931.67,933.62 1 0
github.com/go-nv/goenv/internal/sbom/enhancer.go:933.62,934.46 1 0
github.com/go-nv/goenv/internal/sbom/enhancer.go:934.46,940.4 5 0
github.com/go-nv/goenv/internal/sbom/enhancer.go:941.3,941.34 1 0
github.com/go-nv/goenv/internal/sbom/enhancer.go:945.2,945.67 1 0
github.com/go-nv/goenv/internal/sbom/enhancer.go:945.67,946.74 1 0
github.com/go-nv/goenv/internal/sbom/enhancer.go:946.74,948.50 1 0
github.com/go-nv/goenv/internal/sbom/enhancer.go:948.50,952.5 3 0
github.com/go-nv/goenv/internal/sbom/enhancer.go:954.3,954.30 1 0
github.com/go-nv/goenv/internal/sbom/enhancer.go:959.98,963.19 3 0
github.com/go-nv/goenv/internal/sbom/enhancer.go:963.19,966.3 1 0
github.com/go-nv/goenv/internal/sbom/enhancer.go:966.8,968.3 1 0
github.com/go-nv/goenv/internal/sbom/enhancer.go:970.2,970.16 1 0
github.com/go-nv/goenv/internal/sbom/enhancer.go:970.16,972.3 1 0
github.com/go-nv/goenv/internal/sbom/enhancer.go:974.2,974.55 1 0
github.com/go-nv/goenv/internal/sbom/enhancer.go:974.55,976.3 1 0
github.com/go-nv/goenv/internal/sbom/enhancer.go:978.2,978.12 1 0
github.com/go-nv/goenv/internal/sbom/enhancer.go:982.46,984.16 2 0
github.com/go-nv/goenv/internal/sbom/enhancer.go:984.16,986.3 1 0
github.com/go-nv/goenv/internal/sbom/enhancer.go:988.2,989.53 2 0
github.com/go-nv/goenv/internal/sbom/enhancer.go:993.55,998.2 2 1
github.com/go-nv/goenv/internal/sbom/enhancer.go:1001.68,1004.16 2 1
github.com/go-nv/goenv/internal/sbom/enhancer.go:1004.16,1006.3 1 0
github.com/go-nv/goenv/internal/sbom/enhancer.go:1009.2,1010.52 2 1
github.com/go-nv/goenv/internal/sbom/enhancer.go:1010.52,1012.3 1 0
github.com/go-nv/goenv/internal/sbom/enhancer.go:1015.2,1019.16 3 1
github.com/go-nv/goenv/internal/sbom/enhancer.go:1019.16,1021.3 1 0
github.com/go-nv/goenv/internal/sbom/enhancer.go:1024.2,1024.19 1 1
github.com/go-nv/goenv/internal/sbom/enhancer.go:1025.16,1027.42 2 1
github.com/go-nv/goenv/internal/sbom/enhancer.go:1028.16,1030.54 1 0
github.com/go-nv/goenv/internal/sbom/enhancer.go:1031.10,1032.69 1 0
github.com/go-nv/goenv/internal/sbom/enhancer.go:1037.91,1040.16 2 1
github.com/go-nv/goenv/internal/sbom/enhancer.go:1040.16,1042.3 1 0
github.com/go-nv/goenv/internal/sbom/enhancer.go:1044.2,1045.16 2 1
github.com/go-nv/goenv/internal/sbom/enhancer.go:1045.16,1047.3 1 0
github.com/go-nv/goenv/internal/sbom/enhancer.go:1050.2,1050.20 1 1
github.com/go-nv/goenv/internal/sbom/enhancer.go:1050.20,1052.3 1 1
github.com/go-nv/goenv/internal/sbom/enhancer.go:1055.2,1058.25 2 1
github.com/go-nv/goenv/internal/sbom/enhancer.go:1062.72,1065.31 2 1
github.com/go-nv/goenv/internal/sbom/enhancer.go:1065.31,1066.14 1 1
github.com/go-nv/goenv/internal/sbom/enhancer.go:1067.19,1069.54 1 1
github.com/go-nv/goenv/internal/sbom/enhancer.go:1069.54,1071.28 2 1
github.com/go-nv/goenv/internal/sbom/enhancer.go:1071.28,1072.26 1 1
github.com/go-nv/goenv/internal/sbom/enhancer.go:1072.26,1074.7 1 1
github.com/go-nv/goenv/internal/sbom/enhancer.go:1076.5,1076.37 1 1
github.com/go-nv/goenv/internal/sbom/enhancer.go:1078.21,1080.51 1 1
github.com/go-nv/goenv/internal/sbom/enhancer.go:1080.51,1083.44 3 1
github.com/go-nv/goenv/internal/sbom/enhancer.go:1083.44,1089.6 5 1
github.com/go-nv/goenv/internal/sbom/enhancer.go:1090.5,1090.29 1 1
github.com/go-nv/goenv/internal/sbom/enhancer.go:1092.11,1093.27 1 1
github.com/go-nv/goenv/internal/sbom/enhancer.go:1097.2,1097.19 1 1
github.com/go-nv/goenv/internal/sbom/grype.go:18.38,20.2 1 1
github.com/go-nv/goenv/internal/sbom/grype.go:23.38,25.2 1 1
github.com/go-nv/goenv/internal/sbom/grype.go:28.50,31.16 3 0
github.com/go-nv/goenv/internal/sbom/grype.go:31.16,33.3 1 0
github.com/go-nv/goenv/internal/sbom/grype.go:36.2,37.29 2 0
github.com/go-nv/goenv/internal/sbom/grype.go:37.29,38.85 1 0
github.com/go-nv/goenv/internal/sbom/grype.go:38.85,40.23 2 0
github.com/go-nv/goenv/internal/sbom/grype.go:40.23,42.5 1 0
github.com/go-nv/goenv/internal/sbom/grype.go:46.2,46.47 1 0
github.com/go-nv/goenv/internal/sbom/grype.go:50.43,53.2 2 0
github.com/go-nv/goenv/internal/sbom/grype.go:56.58,72.2 1 1
github.com/go-nv/goenv/internal/sbom/grype.go:75.59,84.2 2 1
github.com/go-nv/goenv/internal/sbom/grype.go:87.90,91.25 2 0
github.com/go-nv/goenv/internal/sbom/grype.go:91.25,93.3 1 0
github.com/go-nv/goenv/internal/sbom/grype.go:95.2,95.22 1 0
github.com/go-nv/goenv/internal/sbom/grype.go:95.22,97.3 1 0
github.com/go-nv/goenv/internal/sbom/grype.go:100.2,100.50 1 0
github.com/go-nv/goenv/internal/sbom/grype.go:100.50,102.3 1 0
github.com/go-nv/goenv/internal/sbom/grype.go:105.2,112.16 5 0
github.com/go-nv/goenv/internal/sbom/grype.go:112.16,114.42 1 0
github.com/go-nv/goenv/internal/sbom/grype.go:114.42,116.4 1 0
github.com/go-nv/goenv/internal/sbom/grype.go:121.2,122.16 2 0
github.com/go-nv/goenv/internal/sbom/grype.go:122.16,124.3 1 0
github.com/go-nv/goenv/internal/sbom/grype.go:127.2,135.20 8 0
github.com/go-nv/goenv/internal/sbom/grype.go:139.67,146.29 3 1
github.com/go-nv/goenv/internal/sbom/grype.go:146.29,148.3 1 0
github.com/go-nv/goenv/internal/sbom/grype.go:149.2,152.27 2 1
github.com/go-nv/goenv/internal/sbom/grype.go:152.27,154.3 1 1
github.com/go-nv/goenv/internal/sbom/grype.go:157.2,157.34 1 1
github.com/go-nv/goenv/internal/sbom/grype.go:157.34,159.3 1 1
github.com/go-nv/goenv/internal/sbom/grype.go:159.8,159.30 1 1
github.com/go-nv/goenv/internal/sbom/grype.go:159.30,161.3 1 0
github.com/go-nv/goenv/internal/sbom/grype.go:164.2,164.18 1 1
github.com/go-nv/goenv/internal/sbom/grype.go:164.18,166.3 1 1
github.com/go-nv/goenv/internal/sbom/grype.go:169.2,169.20 1 1
github.com/go-nv/goenv/internal/sbom/grype.go:169.20,171.3 1 1
github.com/go-nv/goenv/internal/sbom/grype.go:174.2,174.18 1 1
github.com/go-nv/goenv/internal/sbom/grype.go:174.18,176.3 1 1
github.com/go-nv/goenv/internal/sbom/grype.go:179.2,181.13 2 1
github.com/go-nv/goenv/internal/sbom/grype.go:185.66,189.18 2 0
github.com/go-nv/goenv/internal/sbom/grype.go:189.18,191.3 1 0
github.com/go-nv/goenv/internal/sbom/grype.go:193.2,193.12 1 0
github.com/go-nv/goenv/internal/sbom/grype.go:197.94,255.59 2 0
github.com/go-nv/goenv/internal/sbom/grype.go:255.59,257.3 1 0
github.com/go-nv/goenv/internal/sbom/grype.go:259.2,266.44 2 0
github.com/go-nv/goenv/internal/sbom/grype.go:266.44,283.40 2 0
github.com/go-nv/goenv/internal/sbom/grype.go:283.40,285.4 1 0
github.com/go-nv/goenv/internal/sbom/grype.go:288.3,288.48 1 0
github.com/go-nv/goenv/internal/sbom/grype.go:288.48,290.4 1 0
github.com/go-nv/goenv/internal/sbom/grype.go:292.3,296.39 3 0
github.com/go-nv/goenv/internal/sbom/grype.go:297.25,298.29 1 0
github.com/go-nv/goenv/internal/sbom/grype.go:299.21,300.25 1 0
github.com/go-nv/goenv/internal/sbom/grype.go:301.23,302.27 1 0
github.com/go-nv/goenv/internal/sbom/grype.go:303.20,304.24 1 0
github.com/go-nv/goenv/internal/sbom/grype.go:305.27,306.31 1 0
github.com/go-nv/goenv/internal/sbom/grype.go:307.11,308.28 1 0
github.com/go-nv/goenv/internal/sbom/grype.go:311.3,311.24 1 0
github.com/go-nv/goenv/internal/sbom/grype.go:311.24,313.4 1 0
github.com/go-nv/goenv/internal/sbom/grype.go:313.9,315.4 1 0
github.com/go-nv/goenv/internal/sbom/grype.go:319.2,319.43 1 0
github.com/go-nv/goenv/internal/sbom/grype.go:319.43,321.86 2 0
github.com/go-nv/goenv/internal/sbom/grype.go:321.86,323.4 1 0
github.com/go-nv/goenv/internal/sbom/grype.go:326.2,326.20 1 0
github.com/go-nv/goenv/internal/sbom/grype.go:330.77,331.22 1 1
github.com/go-nv/goenv/internal/sbom/grype.go:331.22,333.3 1 1
github.com/go-nv/goenv/internal/sbom/grype.go:334.2,334.42 1 1
github.com/go-nv/goenv/internal/sbom/grype.go:334.42,336.3 1 0
github.com/go-nv/goenv/internal/sbom/grype.go:337.2,337.21 1 1
github.com/go-nv/goenv/internal/sbom/grype.go:341.66,343.18 2 1
github.com/go-nv/goenv/internal/sbom/grype.go:344.18,345.20 1 1
github.com/go-nv/goenv/internal/sbom/grype.go:346.14,347.16 1 1
github.com/go-nv/goenv/internal/sbom/grype.go:348.16,349.18 1 1
github.com/go-nv/goenv/internal/sbom/grype.go:350.13,351.15 1 1
github.com/go-nv/goenv/internal/sbom/grype.go:352.20,353.22 1 1
github.com/go-nv/goenv/internal/sbom/grype.go:354.10,355.19 1 1
github.com/go-nv/goenv/internal/sbom/grype.go:360.42,389.16 3 0
github.com/go-nv/goenv/internal/sbom/grype.go:389.16,391.3 1 0
github.com/go-nv/goenv/internal/sbom/grype.go:393.2,393.55 1 0
github.com/go-nv/goenv/internal/sbom/grype.go:393.55,395.3 1 0
github.com/go-nv/goenv/internal/sbom/grype.go:397.2,397.12 1 0
github.com/go-nv/goenv/internal/sbom/policy.go:65.64,67.16 2 0
github.com/go-nv/goenv/internal/sbom/policy.go:67.16,69.3 1 0
github.com/go-nv/goenv/internal/sbom/policy.go:71.2,72.54 2 0
github.com/go-nv/goenv/internal/sbom/policy.go:72.54,74.3 1 0
github.com/go-nv/goenv/internal/sbom/policy.go:77.2,77.54 1 0
github.com/go-nv/goenv/internal/sbom/policy.go:77.54,79.3 1 0
github.com/go-nv/goenv/internal/sbom/policy.go:81.2,83.8 1 0
github.com/go-nv/goenv/internal/sbom/policy.go:87.55,88.26 1 0
github.com/go-nv/goenv/internal/sbom/policy.go:88.26,90.3 1 0
github.com/go-nv/goenv/internal/sbom/policy.go:92.2,92.28 1 0
github.com/go-nv/goenv/internal/sbom/policy.go:92.28,94.3 1 0
github.com/go-nv/goenv/internal/sbom/policy.go:96.2,110.36 3 0
github.com/go-nv/goenv/internal/sbom/policy.go:110.36,111.22 1 0
github.com/go-nv/goenv/internal/sbom/policy.go:111.22,113.4 1 0
github.com/go-nv/goenv/internal/sbom/policy.go:114.3,114.22 1 0
github.com/go-nv/goenv/internal/sbom/policy.go:114.22,116.4 1 0
github.com/go-nv/goenv/internal/sbom/policy.go:117.3,117.29 1 0
github.com/go-nv/goenv/internal/sbom/policy.go:117.29,119.4 1 0
github.com/go-nv/goenv/internal/sbom/policy.go:120.3,120.26 1 0
github.com/go-nv/goenv/internal/sbom/policy.go:120.26,122.4 1 0
github.com/go-nv/goenv/internal/sbom/policy.go:123.3,123.38 1 0
github.com/go-nv/goenv/internal/sbom/policy.go:123.38,125.4 1 0
github.com/go-nv/goenv/internal/sbom/policy.go:128.2,128.12 1 0
github.com/go-nv/goenv/internal/sbom/policy.go:132.74,135.16 2 0
github.com/go-nv/goenv/internal/sbom/policy.go:135.16,137.3 1 0
github.com/go-nv/goenv/internal/sbom/policy.go:139.2,146.39 2 0
github.com/go-nv/goenv/internal/sbom/policy.go:146.39,148.17 2 0
github.com/go-nv/goenv/internal/sbom/policy.go:148.17,150.4 1 0
github.com/go-nv/goenv/internal/sbom/policy.go:152.3,152.32 1 0
github.com/go-nv/goenv/internal/sbom/policy.go:152.32,153.29 1 0
github.com/go-nv/goenv/internal/sbom/policy.go:153.29,156.5 2 0
github.com/go-nv/goenv/internal/sbom/policy.go:156.10,156.38 1 0
github.com/go-nv/goenv/internal/sbom/policy.go:156.38,158.40 2 0
github.com/go-nv/goenv/internal/sbom/policy.go:158.40,160.6 1 0
github.com/go-nv/goenv/internal/sbom/policy.go:166.2,168.20 2 0
github.com/go-nv/goenv/internal/sbom/policy.go:172.106,173.19 1 0
github.com/go-nv/goenv/internal/sbom/policy.go:174.22,175.41 1 0
github.com/go-nv/goenv/internal/sbom/policy.go:176.18,177.38 1 0
github.com/go-nv/goenv/internal/sbom/policy.go:178.22,179.42 1 0
github.com/go-nv/goenv/internal/sbom/policy.go:180.17,181.37 1 0
github.com/go-nv/goenv/internal/sbom/policy.go:182.16,183.36 1 0
github.com/go-nv/goenv/internal/sbom/policy.go:184.10,185.65 1 0
github.com/go-nv/goenv/internal/sbom/policy.go:190.115,194.40 2 0
github.com/go-nv/goenv/internal/sbom/policy.go:194.40,198.35 3 0
github.com/go-nv/goenv/internal/sbom/policy.go:198.35,200.11 2 0
github.com/go-nv/goenv/internal/sbom/policy.go:200.11,201.13 1 0
github.com/go-nv/goenv/internal/sbom/policy.go:204.4,204.64 1 0
github.com/go-nv/goenv/internal/sbom/policy.go:204.64,208.46 2 0
github.com/go-nv/goenv/internal/sbom/policy.go:208.46,209.43 1 0
github.com/go-nv/goenv/internal/sbom/policy.go:209.43,210.34 1 0
github.com/go-nv/goenv/internal/sbom/policy.go:210.34,218.8 1 0
github.com/go-nv/goenv/internal/sbom/policy.go:226.2,226.38 1 0
github.com/go-nv/goenv/internal/sbom/policy.go:226.38,228.35 2 0
github.com/go-nv/goenv/internal/sbom/policy.go:228.35,230.47 2 0
github.com/go-nv/goenv/internal/sbom/policy.go:230.47,233.42 2 0
github.com/go-nv/goenv/internal/sbom/policy.go:233.42,234.50 1 0
github.com/go-nv/goenv/internal/sbom/policy.go:234.50,242.7 1 0
github.com/go-nv/goenv/internal/sbom/policy.go:248.2,248.24 1 0
github.com/go-nv/goenv/internal/sbom/policy.go:252.112,256.40 2 0
github.com/go-nv/goenv/internal/sbom/policy.go:256.40,258.35 2 0
github.com/go-nv/goenv/internal/sbom/policy.go:258.35,260.11 2 0
github.com/go-nv/goenv/internal/sbom/policy.go:260.11,261.13 1 0
github.com/go-nv/goenv/internal/sbom/policy.go:265.4,265.62 1 0
github.com/go-nv/goenv/internal/sbom/policy.go:265.62,266.32 1 0
github.com/go-nv/goenv/internal/sbom/policy.go:266.32,268.13 2 0
github.com/go-nv/goenv/internal/sbom/policy.go:268.13,269.15 1 0
github.com/go-nv/goenv/internal/sbom/policy.go:272.6,273.45 2 0
github.com/go-nv/goenv/internal/sbom/policy.go:273.45,275.26 2 0
github.com/go-nv/goenv/internal/sbom/policy.go:275.26,284.8 2 0
github.com/go-nv/goenv/internal/sbom/policy.go:292.2,292.34 1 0
github.com/go-nv/goenv/internal/sbom/policy.go:292.34,294.35 2 0
github.com/go-nv/goenv/internal/sbom/policy.go:294.35,296.49 2 0
github.com/go-nv/goenv/internal/sbom/policy.go:296.49,299.44 2 0
github.com/go-nv/goenv/internal/sbom/policy.go:299.44,300.48 1 0
github.com/go-nv/goenv/internal/sbom/policy.go:300.48,308.7 1 0
github.com/go-nv/goenv/internal/sbom/policy.go:314.2,314.24 1 0
github.com/go-nv/goenv/internal/sbom/policy.go:318.116,322.41 2 0
github.com/go-nv/goenv/internal/sbom/policy.go:322.41,326.35 3 0
github.com/go-nv/goenv/internal/sbom/policy.go:326.35,328.11 2 0
github.com/go-nv/goenv/internal/sbom/policy.go:328.11,329.13 1 0
github.com/go-nv/goenv/internal/sbom/policy.go:331.4,332.31 2 0
github.com/go-nv/goenv/internal/sbom/policy.go:335.3,335.42 1 0
github.com/go-nv/goenv/internal/sbom/policy.go:335.42,336.33 1 0
github.com/go-nv/goenv/internal/sbom/policy.go:336.33,344.5 1 0
github.com/go-nv/goenv/internal/sbom/policy.go:349.2,349.39 1 0
github.com/go-nv/goenv/internal/sbom/policy.go:349.39,353.35 3 0
github.com/go-nv/goenv/internal/sbom/policy.go:353.35,356.4 2 0
github.com/go-nv/goenv/internal/sbom/policy.go:358.3,358.42 1 0
github.com/go-nv/goenv/internal/sbom/policy.go:358.42,359.32 1 0
github.com/go-nv/goenv/internal/sbom/policy.go:359.32,367.5 1 0
github.com/go-nv/goenv/internal/sbom/policy.go:371.2,371.24 1 0
github.com/go-nv/goenv/internal/sbom/policy.go:375.111,379.34 3 0
github.com/go-nv/goenv/internal/sbom/policy.go:379.34,381.10 2 0
github.com/go-nv/goenv/internal/sbom/policy.go:381.10,382.12 1 0
github.com/go-nv/goenv/internal/sbom/policy.go:386.3,386.62 1 0
github.com/go-nv/goenv/internal/sbom/policy.go:386.62,387.33 1 0
github.com/go-nv/goenv/internal/sbom/policy.go:387.33,389.12 2 0
github.com/go-nv/goenv/internal/sbom/policy.go:389.12,390.14 1 0
github.com/go-nv/goenv/internal/sbom/policy.go:393.5,394.12 2 0
github.com/go-nv/goenv/internal/sbom/policy.go:394.12,395.14 1 0
github.com/go-nv/goenv/internal/sbom/policy.go:398.5,401.42 2 0
github.com/go-nv/goenv/internal/sbom/policy.go:401.42,402.30 1 0
github.com/go-nv/goenv/internal/sbom/policy.go:402.30,411.7 2 0
github.com/go-nv/goenv/internal/sbom/policy.go:417.2,417.24 1 0
github.com/go-nv/goenv/internal/sbom/policy.go:421.110,425.2 1 0
github.com/go-nv/goenv/internal/sbom/policy.go:429.67,430.62 1 0
github.com/go-nv/goenv/internal/sbom/policy.go:430.62,432.3 1 0
github.com/go-nv/goenv/internal/sbom/policy.go:433.2,433.24 1 0
github.com/go-nv/goenv/internal/sbom/policy.go:436.74,437.67 1 0
github.com/go-nv/goenv/internal/sbom/policy.go:437.67,439.3 1 0
github.com/go-nv/goenv/internal/sbom/policy.go:440.2,440.33 1 0
github.com/go-nv/goenv/internal/sbom/policy.go:443.82,445.61 2 0
github.com/go-nv/goenv/internal/sbom/policy.go:445.61,446.30 1 0
github.com/go-nv/goenv/internal/sbom/policy.go:446.30,447.56 1 0
github.com/go-nv/goenv/internal/sbom/policy.go:447.56,449.5 1 0
github.com/go-nv/goenv/internal/sbom/policy.go:452.2,452.19 1 0
github.com/go-nv/goenv/internal/sbom/policy.go:455.70,458.19 2 0
github.com/go-nv/goenv/internal/sbom/policy.go:458.19,460.3 1 0
github.com/go-nv/goenv/internal/sbom/policy.go:460.8,462.3 1 0
github.com/go-nv/goenv/internal/sbom/policy.go:464.2,464.32 1 0
github.com/go-nv/goenv/internal/sbom/policy.go:464.32,466.39 2 0
github.com/go-nv/goenv/internal/sbom/policy.go:466.39,468.4 1 0
github.com/go-nv/goenv/internal/sbom/policy.go:471.2,471.30 1 0
github.com/go-nv/goenv/internal/sbom/policy.go:471.30,473.37 2 0
github.com/go-nv/goenv/internal/sbom/policy.go:473.37,475.4 1 0
github.com/go-nv/goenv/internal/sbom/policy.go:478.2,478.25 1 0
github.com/go-nv/goenv/internal/sbom/policy.go:482.69,484.16 2 0
github.com/go-nv/goenv/internal/sbom/policy.go:484.16,486.3 1 0
github.com/go-nv/goenv/internal/sbom/policy.go:488.2,489.52 2 0
github.com/go-nv/goenv/internal/sbom/policy.go:489.52,491.3 1 0
github.com/go-nv/goenv/internal/sbom/policy.go:493.2,493.18 1 0
github.com/go-nv/goenv/internal/sbom/provenance.go:109.74,113.2 1 1
github.com/go-nv/goenv/internal/sbom/provenance.go:116.72,119.16 2 1
github.com/go-nv/goenv/internal/sbom/provenance.go:119.16,121.3 1 0
github.com/go-nv/goenv/internal/sbom/provenance.go:124.2,141.34 3 1
github.com/go-nv/goenv/internal/sbom/provenance.go:141.34,143.3 1 0
github.com/go-nv/goenv/internal/sbom/provenance.go:145.2,145.29 1 1
github.com/go-nv/goenv/internal/sbom/provenance.go:145.29,147.3 1 0
github.com/go-nv/goenv/internal/sbom/provenance.go:150.2,160.33 3 1
github.com/go-nv/goenv/internal/sbom/provenance.go:160.33,168.3 1 0
github.com/go-nv/goenv/internal/sbom/provenance.go:170.2,170.33 1 1
github.com/go-nv/goenv/internal/sbom/provenance.go:170.33,178.3 1 0
github.com/go-nv/goenv/internal/sbom/provenance.go:181.2,212.23 3 1
github.com/go-nv/goenv/internal/sbom/provenance.go:216.104,218.16 2 1
github.com/go-nv/goenv/internal/sbom/provenance.go:218.16,220.3 1 0
github.com/go-nv/goenv/internal/sbom/provenance.go:222.2,222.61 1 1
github.com/go-nv/goenv/internal/sbom/provenance.go:222.61,224.3 1 0
github.com/go-nv/goenv/internal/sbom/provenance.go:226.2,226.12 1 1
github.com/go-nv/goenv/internal/sbom/provenance.go:244.112,247.16 2 1
github.com/go-nv/goenv/internal/sbom/provenance.go:247.16,249.3 1 0
github.com/go-nv/goenv/internal/sbom/provenance.go:252.2,261.22 3 1
github.com/go-nv/goenv/internal/sbom/provenance.go:261.22,266.3 1 1
github.com/go-nv/goenv/internal/sbom/provenance.go:268.2,268.25 1 1
github.com/go-nv/goenv/internal/sbom/provenance.go:272.86,274.16 2 1
github.com/go-nv/goenv/internal/sbom/provenance.go:274.16,276.3 1 0
github.com/go-nv/goenv/internal/sbom/provenance.go:278.2,278.61 1 1
github.com/go-nv/goenv/internal/sbom/provenance.go:278.61,280.3 1 0
github.com/go-nv/goenv/internal/sbom/provenance.go:282.2,282.12 1 1
github.com/go-nv/goenv/internal/sbom/provenance.go:288.53,290.16 2 1
github.com/go-nv/goenv/internal/sbom/provenance.go:290.16,292.3 1 1
github.com/go-nv/goenv/internal/sbom/provenance.go:294.2,295.41 2 1
github.com/go-nv/goenv/internal/sbom/provenance.go:299.31,302.45 2 1
github.com/go-nv/goenv/internal/sbom/provenance.go:302.45,304.3 1 0
github.com/go-nv/goenv/internal/sbom/provenance.go:307.2,307.65 1 1
github.com/go-nv/goenv/internal/sbom/provenance.go:311.60,314.2 2 1
github.com/go-nv/goenv/internal/sbom/provenance.go:317.60,320.2 2 1
github.com/go-nv/goenv/internal/sbom/provenance.go:323.63,324.57 1 1
github.com/go-nv/goenv/internal/sbom/provenance.go:324.57,326.3 1 1
github.com/go-nv/goenv/internal/sbom/provenance.go:328.2,328.65 1 1
github.com/go-nv/goenv/internal/sbom/provenance.go:328.65,330.3 1 1
github.com/go-nv/goenv/internal/sbom/provenance.go:332.2,332.33 1 1
github.com/go-nv/goenv/internal/sbom/provenance.go:332.33,334.3 1 1
github.com/go-nv/goenv/internal/sbom/provenance.go:336.2,336.57 1 1
github.com/go-nv/goenv/internal/sbom/provenance.go:336.57,338.3 1 1
github.com/go-nv/goenv/internal/sbom/provenance.go:340.2,340.53 1 1
github.com/go-nv/goenv/internal/sbom/provenance.go:340.53,342.3 1 0
github.com/go-nv/goenv/internal/sbom/provenance.go:344.2,344.12 1 1
github.com/go-nv/goenv/internal/sbom/scanner.go:149.36,150.20 1 1
github.com/go-nv/goenv/internal/sbom/scanner.go:150.20,152.3 1 1
github.com/go-nv/goenv/internal/sbom/scanner.go:153.2,153.66 1 1
github.com/go-nv/goenv/internal/sbom/scanner.go:156.36,158.2 1 1
github.com/go-nv/goenv/internal/sbom/scanner.go:161.68,167.2 1 1
github.com/go-nv/goenv/internal/sbom/scanner.go:170.47,171.14 1 1
github.com/go-nv/goenv/internal/sbom/scanner.go:172.15,173.32 1 1
github.com/go-nv/goenv/internal/sbom/scanner.go:174.15,175.32 1 1
github.com/go-nv/goenv/internal/sbom/scanner.go:176.14,177.31 1 0
github.com/go-nv/goenv/internal/sbom/scanner.go:178.18,179.35 1 0
github.com/go-nv/goenv/internal/sbom/scanner.go:180.10,181.96 1 1
github.com/go-nv/goenv/internal/sbom/scanner.go:186.40,193.2 1 1
github.com/go-nv/goenv/internal/sbom/scanner.go:196.40,198.50 2 0
github.com/go-nv/goenv/internal/sbom/scanner.go:198.50,199.28 1 0
github.com/go-nv/goenv/internal/sbom/scanner.go:199.28,201.4 1 0
github.com/go-nv/goenv/internal/sbom/scanner.go:203.2,203.18 1 0
github.com/go-nv/goenv/internal/sbom/scanner.go:219.44,220.20 1 1
github.com/go-nv/goenv/internal/sbom/scanner.go:221.18,222.26 1 1
github.com/go-nv/goenv/internal/sbom/scanner.go:223.14,224.22 1 1
github.com/go-nv/goenv/internal/sbom/scanner.go:225.16,226.24 1 1
github.com/go-nv/goenv/internal/sbom/scanner.go:227.13,228.21 1 1
github.com/go-nv/goenv/internal/sbom/scanner.go:229.20,230.28 1 1
github.com/go-nv/goenv/internal/sbom/scanner.go:231.10,232.25 1 1
github.com/go-nv/goenv/internal/sbom/scanner.go:237.31,239.30 2 1
github.com/go-nv/goenv/internal/sbom/scanner.go:239.30,241.27 2 1
github.com/go-nv/goenv/internal/sbom/scanner.go:241.27,243.4 1 1
github.com/go-nv/goenv/internal/sbom/scanner.go:244.3,244.16 1 1
github.com/go-nv/goenv/internal/sbom/scanner.go:246.2,246.23 1 1
github.com/go-nv/goenv/internal/sbom/scanner.go:250.40,251.11 1 1
github.com/go-nv/goenv/internal/sbom/scanner.go:252.24,253.20 1 1
github.com/go-nv/goenv/internal/sbom/scanner.go:254.20,255.16 1 1
github.com/go-nv/goenv/internal/sbom/scanner.go:256.22,257.18 1 1
github.com/go-nv/goenv/internal/sbom/scanner.go:258.19,259.15 1 1
github.com/go-nv/goenv/internal/sbom/scanner.go:260.26,261.22 1 1
github.com/go-nv/goenv/internal/sbom/scanner.go:262.10,263.19 1 1
github.com/go-nv/goenv/internal/sbom/scanner.go:268.103,272.26 3 1
github.com/go-nv/goenv/internal/sbom/scanner.go:272.26,274.43 1 1
github.com/go-nv/goenv/internal/sbom/scanner.go:274.43,275.12 1 1
github.com/go-nv/goenv/internal/sbom/scanner.go:279.3,279.35 1 1
github.com/go-nv/goenv/internal/sbom/scanner.go:279.35,280.12 1 1
github.com/go-nv/goenv/internal/sbom/scanner.go:283.3,283.33 1 1
github.com/go-nv/goenv/internal/sbom/scanner.go:286.2,286.17 1 1
github.com/go-nv/goenv/internal/sbom/signing.go:85.47,89.2 1 1
github.com/go-nv/goenv/internal/sbom/signing.go:92.64,95.16 2 1
github.com/go-nv/goenv/internal/sbom/signing.go:95.16,97.3 1 1
github.com/go-nv/goenv/internal/sbom/signing.go:100.2,101.16 2 1
github.com/go-nv/goenv/internal/sbom/signing.go:101.16,103.3 1 0
github.com/go-nv/goenv/internal/sbom/signing.go:106.2,106.23 1 1
github.com/go-nv/goenv/internal/sbom/signing.go:106.23,108.3 1 0
github.com/go-nv/goenv/internal/sbom/signing.go:110.2,110.38 1 1
github.com/go-nv/goenv/internal/sbom/signing.go:114.63,115.29 1 1
github.com/go-nv/goenv/internal/sbom/signing.go:115.29,117.3 1 0
github.com/go-nv/goenv/internal/sbom/signing.go:120.2,121.16 2 1
github.com/go-nv/goenv/internal/sbom/signing.go:121.16,123.3 1 1
github.com/go-nv/goenv/internal/sbom/signing.go:126.2,127.16 2 1
github.com/go-nv/goenv/internal/sbom/signing.go:127.16,129.3 1 0
github.com/go-nv/goenv/internal/sbom/signing.go:132.2,138.34 4 1
github.com/go-nv/goenv/internal/sbom/signing.go:139.25,141.17 2 1
github.com/go-nv/goenv/internal/sbom/signing.go:141.17,143.4 1 0
github.com/go-nv/goenv/internal/sbom/signing.go:144.3,144.34 1 1
github.com/go-nv/goenv/internal/sbom/signing.go:146.10,147.65 1 0
github.com/go-nv/goenv/internal/sbom/signing.go:151.2,160.23 3 1
github.com/go-nv/goenv/internal/sbom/signing.go:164.80,167.16 2 0
github.com/go-nv/goenv/internal/sbom/signing.go:167.16,169.3 1 0
github.com/go-nv/goenv/internal/sbom/signing.go:172.2,173.16 2 0
github.com/go-nv/goenv/internal/sbom/signing.go:173.16,175.3 1 0
github.com/go-nv/goenv/internal/sbom/signing.go:176.2,189.32 5 0
github.com/go-nv/goenv/internal/sbom/signing.go:189.32,191.3 1 0
github.com/go-nv/goenv/internal/sbom/signing.go:192.2,192.34 1 0
github.com/go-nv/goenv/internal/sbom/signing.go:192.34,194.3 1 0
github.com/go-nv/goenv/internal/sbom/signing.go:196.2,204.34 6 0
github.com/go-nv/goenv/internal/sbom/signing.go:204.34,206.3 1 0
github.com/go-nv/goenv/internal/sbom/signing.go:209.2,210.16 2 0
github.com/go-nv/goenv/internal/sbom/signing.go:210.16,212.3 1 0
github.com/go-nv/goenv/internal/sbom/signing.go:215.2,216.16 2 0
github.com/go-nv/goenv/internal/sbom/signing.go:216.16,218.3 1 0
github.com/go-nv/goenv/internal/sbom/signing.go:220.2,229.16 3 0
github.com/go-nv/goenv/internal/sbom/signing.go:229.16,231.3 1 0
github.com/go-nv/goenv/internal/sbom/signing.go:233.2,233.23 1 0
github.com/go-nv/goenv/internal/sbom/signing.go:237.74,239.16 2 1
github.com/go-nv/goenv/internal/sbom/signing.go:239.16,241.3 1 0
github.com/go-nv/goenv/internal/sbom/signing.go:243.2,243.61 1 1
github.com/go-nv/goenv/internal/sbom/signing.go:243.61,245.3 1 0
github.com/go-nv/goenv/internal/sbom/signing.go:247.2,247.12 1 1
github.com/go-nv/goenv/internal/sbom/signing.go:256.54,260.2 1 1
github.com/go-nv/goenv/internal/sbom/signing.go:263.52,265.25 1 1
github.com/go-nv/goenv/internal/sbom/signing.go:265.25,267.3 1 0
github.com/go-nv/goenv/internal/sbom/signing.go:270.2,270.26 1 1
github.com/go-nv/goenv/internal/sbom/signing.go:274.49,276.16 2 0
github.com/go-nv/goenv/internal/sbom/signing.go:276.16,278.3 1 0
github.com/go-nv/goenv/internal/sbom/signing.go:280.2,286.30 2 0
github.com/go-nv/goenv/internal/sbom/signing.go:286.30,288.3 1 0
github.com/go-nv/goenv/internal/sbom/signing.go:291.2,291.35 1 0
github.com/go-nv/goenv/internal/sbom/signing.go:291.35,293.3 1 0
github.com/go-nv/goenv/internal/sbom/signing.go:295.2,302.34 6 0
github.com/go-nv/goenv/internal/sbom/signing.go:302.34,304.3 1 0
github.com/go-nv/goenv/internal/sbom/signing.go:306.2,306.18 1 0
github.com/go-nv/goenv/internal/sbom/signing.go:310.50,311.35 1 1
github.com/go-nv/goenv/internal/sbom/signing.go:311.35,313.3 1 0
github.com/go-nv/goenv/internal/sbom/signing.go:316.2,317.16 2 1
github.com/go-nv/goenv/internal/sbom/signing.go:317.16,319.3 1 0
github.com/go-nv/goenv/internal/sbom/signing.go:322.2,323.16 2 1
github.com/go-nv/goenv/internal/sbom/signing.go:323.16,325.3 1 0
github.com/go-nv/goenv/internal/sbom/signing.go:328.2,329.16 2 1
github.com/go-nv/goenv/internal/sbom/signing.go:329.16,331.3 1 0
github.com/go-nv/goenv/internal/sbom/signing.go:333.2,334.60 2 1
github.com/go-nv/goenv/internal/sbom/signing.go:334.60,336.3 1 0
github.com/go-nv/goenv/internal/sbom/signing.go:339.2,340.16 2 1
github.com/go-nv/goenv/internal/sbom/signing.go:340.16,342.3 1 0
github.com/go-nv/goenv/internal/sbom/signing.go:344.2,345.16 2 1
github.com/go-nv/goenv/internal/sbom/signing.go:345.16,347.3 1 0
github.com/go-nv/goenv/internal/sbom/signing.go:350.2,351.16 2 1
github.com/go-nv/goenv/internal/sbom/signing.go:351.16,353.3 1 0
github.com/go-nv/goenv/internal/sbom/signing.go:356.2,359.33 2 1
github.com/go-nv/goenv/internal/sbom/signing.go:360.24,362.20 2 1
github.com/go-nv/goenv/internal/sbom/signing.go:364.10,365.66 1 0
github.com/go-nv/goenv/internal/sbom/signing.go:372.59,375.52 2 1
github.com/go-nv/goenv/internal/sbom/signing.go:375.52,377.3 1 1
github.com/go-nv/goenv/internal/sbom/signing.go:380.2,384.67 3 1
github.com/go-nv/goenv/internal/sbom/signing.go:384.67,387.3 1 0
github.com/go-nv/goenv/internal/sbom/signing.go:390.2,391.16 2 1
github.com/go-nv/goenv/internal/sbom/signing.go:391.16,393.3 1 0
github.com/go-nv/goenv/internal/sbom/signing.go:395.2,395.24 1 1
github.com/go-nv/goenv/internal/sbom/signing.go:399.82,401.18 2 1
github.com/go-nv/goenv/internal/sbom/signing.go:401.18,403.3 1 0
github.com/go-nv/goenv/internal/sbom/signing.go:405.2,409.55 3 1
github.com/go-nv/goenv/internal/sbom/signing.go:409.55,411.17 2 0
github.com/go-nv/goenv/internal/sbom/signing.go:411.17,413.4 1 0
github.com/go-nv/goenv/internal/sbom/signing.go:414.8,416.3 1 1
github.com/go-nv/goenv/internal/sbom/signing.go:419.2,419.62 1 1
github.com/go-nv/goenv/internal/sbom/signing.go:419.62,421.3 1 1
github.com/go-nv/goenv/internal/sbom/signing.go:423.2,423.65 1 0
github.com/go-nv/goenv/internal/sbom/signing.go:423.65,425.3 1 0
github.com/go-nv/goenv/internal/sbom/signing.go:427.2,427.58 1 0
github.com/go-nv/goenv/internal/sbom/signing.go:431.63,433.18 2 1
github.com/go-nv/goenv/internal/sbom/signing.go:433.18,435.3 1 0
github.com/go-nv/goenv/internal/sbom/signing.go:438.2,438.66 1 1
github.com/go-nv/goenv/internal/sbom/signing.go:438.66,440.3 1 1
github.com/go-nv/goenv/internal/sbom/signing.go:443.2,443.65 1 0
github.com/go-nv/goenv/internal/sbom/signing.go:443.65,445.3 1 0
github.com/go-nv/goenv/internal/sbom/signing.go:447.2,447.57 1 0
github.com/go-nv/goenv/internal/sbom/signing.go:451.57,454.34 2 1
github.com/go-nv/goenv/internal/sbom/signing.go:455.25,456.29 1 1
github.com/go-nv/goenv/internal/sbom/signing.go:457.10,458.19 1 0
github.com/go-nv/goenv/internal/sbom/signing.go:462.2,463.16 2 1
github.com/go-nv/goenv/internal/sbom/signing.go:463.16,465.3 1 0
github.com/go-nv/goenv/internal/sbom/signing.go:468.2,469.45 2 1
github.com/go-nv/goenv/internal/sbom/signing.go:473.72,475.16 2 0
github.com/go-nv/goenv/internal/sbom/signing.go:475.16,477.3 1 0
github.com/go-nv/goenv/internal/sbom/signing.go:479.2,482.34 2 0
github.com/go-nv/goenv/internal/sbom/signing.go:482.34,485.3 2 0
github.com/go-nv/goenv/internal/sbom/signing.go:488.2,488.39 1 0
github.com/go-nv/goenv/internal/sbom/signing.go:488.39,490.3 1 0
github.com/go-nv/goenv/internal/sbom/signing.go:492.2,492.22 1 0
github.com/go-nv/goenv/internal/sbom/signing.go:496.66,499.16 2 1
github.com/go-nv/goenv/internal/sbom/signing.go:499.16,501.3 1 0
github.com/go-nv/goenv/internal/sbom/signing.go:504.2,505.16 2 1
github.com/go-nv/goenv/internal/sbom/signing.go:505.16,507.3 1 0
github.com/go-nv/goenv/internal/sbom/signing.go:510.2,514.71 2 1
github.com/go-nv/goenv/internal/sbom/signing.go:514.71,516.3 1 1
github.com/go-nv/goenv/internal/sbom/signing.go:519.2,520.16 2 1
github.com/go-nv/goenv/internal/sbom/signing.go:520.16,522.3 1 0
github.com/go-nv/goenv/internal/sbom/signing.go:525.2,529.69 2 1
github.com/go-nv/goenv/internal/sbom/signing.go:529.69,531.3 1 1
github.com/go-nv/goenv/internal/sbom/signing.go:533.2,533.12 1 1
github.com/go-nv/goenv/internal/sbom/signing.go:537.31,540.2 2 1
github.com/go-nv/goenv/internal/sbom/snyk.go:23.36,28.2 1 1
github.com/go-nv/goenv/internal/sbom/snyk.go:31.37,33.2 1 1
github.com/go-nv/goenv/internal/sbom/snyk.go:36.49,39.16 3 0
github.com/go-nv/goenv/internal/sbom/snyk.go:39.16,41.3 1 0
github.com/go-nv/goenv/internal/sbom/snyk.go:42.2,42.47 1 0
github.com/go-nv/goenv/internal/sbom/snyk.go:46.42,49.2 2 0
github.com/go-nv/goenv/internal/sbom/snyk.go:52.57,77.2 1 0
github.com/go-nv/goenv/internal/sbom/snyk.go:80.58,88.2 2 0
github.com/go-nv/goenv/internal/sbom/snyk.go:91.89,95.22 2 0
github.com/go-nv/goenv/internal/sbom/snyk.go:95.22,97.3 1 0
github.com/go-nv/goenv/internal/sbom/snyk.go:100.2,101.16 2 0
github.com/go-nv/goenv/internal/sbom/snyk.go:101.16,103.3 1 0
github.com/go-nv/goenv/internal/sbom/snyk.go:106.2,107.22 2 0
github.com/go-nv/goenv/internal/sbom/snyk.go:107.22,109.3 1 0
github.com/go-nv/goenv/internal/sbom/snyk.go:112.2,121.22 5 0
github.com/go-nv/goenv/internal/sbom/snyk.go:121.22,123.3 1 0
github.com/go-nv/goenv/internal/sbom/snyk.go:123.8,123.29 1 0
github.com/go-nv/goenv/internal/sbom/snyk.go:123.29,125.3 1 0
github.com/go-nv/goenv/internal/sbom/snyk.go:125.8,127.20 1 0
github.com/go-nv/goenv/internal/sbom/snyk.go:127.20,129.4 1 0
github.com/go-nv/goenv/internal/sbom/snyk.go:129.9,131.4 1 0
github.com/go-nv/goenv/internal/sbom/snyk.go:132.3,132.80 1 0
github.com/go-nv/goenv/internal/sbom/snyk.go:135.2,136.20 2 0
github.com/go-nv/goenv/internal/sbom/snyk.go:140.96,150.34 4 0
github.com/go-nv/goenv/internal/sbom/snyk.go:150.34,152.3 1 0
github.com/go-nv/goenv/internal/sbom/snyk.go:155.2,155.19 1 0
github.com/go-nv/goenv/internal/sbom/snyk.go:155.19,157.3 1 0
github.com/go-nv/goenv/internal/sbom/snyk.go:160.2,160.34 1 0
github.com/go-nv/goenv/internal/sbom/snyk.go:160.34,162.3 1 0
github.com/go-nv/goenv/internal/sbom/snyk.go:164.2,171.22 4 0
github.com/go-nv/goenv/internal/sbom/snyk.go:171.22,173.3 1 0
github.com/go-nv/goenv/internal/sbom/snyk.go:175.2,175.43 1 0
github.com/go-nv/goenv/internal/sbom/snyk.go:179.128,182.19 2 0
github.com/go-nv/goenv/internal/sbom/snyk.go:182.19,185.35 2 0
github.com/go-nv/goenv/internal/sbom/snyk.go:185.35,187.4 1 0
github.com/go-nv/goenv/internal/sbom/snyk.go:188.3,189.70 2 0
github.com/go-nv/goenv/internal/sbom/snyk.go:193.2,206.16 3 0
github.com/go-nv/goenv/internal/sbom/snyk.go:206.16,208.3 1 0
github.com/go-nv/goenv/internal/sbom/snyk.go:210.2,211.16 2 0
github.com/go-nv/goenv/internal/sbom/snyk.go:211.16,213.3 1 0
github.com/go-nv/goenv/internal/sbom/snyk.go:215.2,221.16 6 0
github.com/go-nv/goenv/internal/sbom/snyk.go:221.16,223.3 1 0
github.com/go-nv/goenv/internal/sbom/snyk.go:224.2,227.16 3 0
github.com/go-nv/goenv/internal/sbom/snyk.go:227.16,229.3 1 0
github.com/go-nv/goenv/internal/sbom/snyk.go:231.2,231.28 1 0
github.com/go-nv/goenv/internal/sbom/snyk.go:231.28,233.3 1 0
github.com/go-nv/goenv/internal/sbom/snyk.go:235.2,235.41 1 0
github.com/go-nv/goenv/internal/sbom/snyk.go:239.79,241.16 2 0
github.com/go-nv/goenv/internal/sbom/snyk.go:241.16,243.3 1 0
github.com/go-nv/goenv/internal/sbom/snyk.go:245.2,250.16 5 0
github.com/go-nv/goenv/internal/sbom/snyk.go:250.16,252.3 1 0
github.com/go-nv/goenv/internal/sbom/snyk.go:253.2,261.67 3 0
github.com/go-nv/goenv/internal/sbom/snyk.go:261.67,263.3 1 0
github.com/go-nv/goenv/internal/sbom/snyk.go:265.2,266.34 2 0
github.com/go-nv/goenv/internal/sbom/snyk.go:266.34,268.3 1 0
github.com/go-nv/goenv/internal/sbom/snyk.go:270.2,270.20 1 0
github.com/go-nv/goenv/internal/sbom/snyk.go:274.97,299.59 2 0
github.com/go-nv/goenv/internal/sbom/snyk.go:299.59,301.3 1 0
github.com/go-nv/goenv/internal/sbom/snyk.go:303.2,314.46 3 0
github.com/go-nv/goenv/internal/sbom/snyk.go:314.46,327.25 2 0
github.com/go-nv/goenv/internal/sbom/snyk.go:327.25,329.4 1 0
github.com/go-nv/goenv/internal/sbom/snyk.go:331.3,331.36 1 0
github.com/go-nv/goenv/internal/sbom/snyk.go:331.36,333.4 1 0
github.com/go-nv/goenv/internal/sbom/snyk.go:335.3,335.64 1 0
github.com/go-nv/goenv/internal/sbom/snyk.go:339.2,341.20 2 0
github.com/go-nv/goenv/internal/sbom/snyk.go:345.97,369.61 2 0
github.com/go-nv/goenv/internal/sbom/snyk.go:369.61,371.3 1 0
github.com/go-nv/goenv/internal/sbom/snyk.go:373.2,384.59 3 0
github.com/go-nv/goenv/internal/sbom/snyk.go:384.59,397.44 2 0
github.com/go-nv/goenv/internal/sbom/snyk.go:397.44,399.4 1 0
github.com/go-nv/goenv/internal/sbom/snyk.go:401.3,401.64 1 0
github.com/go-nv/goenv/internal/sbom/snyk.go:405.2,407.20 2 0
github.com/go-nv/goenv/internal/sbom/snyk.go:411.65,413.18 2 0
github.com/go-nv/goenv/internal/sbom/snyk.go:414.18,415.20 1 0
github.com/go-nv/goenv/internal/sbom/snyk.go:416.14,417.16 1 0
github.com/go-nv/goenv/internal/sbom/snyk.go:418.16,419.18 1 0
github.com/go-nv/goenv/internal/sbom/snyk.go:420.13,421.15 1 0
github.com/go-nv/goenv/internal/sbom/snyk.go:422.10,423.19 1 0
github.com/go-nv/goenv/internal/sbom/snyk.go:428.84,433.26 2 0
github.com/go-nv/goenv/internal/sbom/snyk.go:433.26,434.21 1 0
github.com/go-nv/goenv/internal/sbom/snyk.go:435.19,436.22 1 0
github.com/go-nv/goenv/internal/sbom/snyk.go:437.15,438.18 1 0
github.com/go-nv/goenv/internal/sbom/snyk.go:439.17,440.20 1 0
github.com/go-nv/goenv/internal/sbom/snyk.go:441.14,442.17 1 0
github.com/go-nv/goenv/internal/sbom/snyk.go:443.21,444.24 1 0
github.com/go-nv/goenv/internal/sbom/snyk.go:445.11,446.21 1 0
github.com/go-nv/goenv/internal/sbom/snyk.go:449.3,449.21 1 0
github.com/go-nv/goenv/internal/sbom/snyk.go:449.21,451.4 1 0
github.com/go-nv/goenv/internal/sbom/snyk.go:451.9,453.4 1 0
github.com/go-nv/goenv/internal/sbom/snyk.go:456.2,456.16 1 0
github.com/go-nv/goenv/internal/sbom/snyk.go:460.43,462.56 2 0
github.com/go-nv/goenv/internal/sbom/snyk.go:462.56,464.3 1 0
github.com/go-nv/goenv/internal/sbom/snyk.go:467.2,467.76 1 0
github.com/go-nv/goenv/internal/sbom/snyk.go:467.76,469.3 1 0
github.com/go-nv/goenv/internal/sbom/snyk.go:472.2,472.74 1 0
github.com/go-nv/goenv/internal/sbom/snyk.go:472.74,474.3 1 0
github.com/go-nv/goenv/internal/sbom/snyk.go:476.2,476.18 1 0
github.com/go-nv/goenv/internal/sbom/trivy.go:18.38,20.2 1 1
github.com/go-nv/goenv/internal/sbom/trivy.go:23.38,25.2 1 1
github.com/go-nv/goenv/internal/sbom/trivy.go:28.50,31.16 3 0
github.com/go-nv/goenv/internal/sbom/trivy.go:31.16,33.3 1 0
github.com/go-nv/goenv/internal/sbom/trivy.go:36.2,37.29 2 0
github.com/go-nv/goenv/internal/sbom/trivy.go:37.29,38.41 1 0
github.com/go-nv/goenv/internal/sbom/trivy.go:38.41,40.23 2 0
github.com/go-nv/goenv/internal/sbom/trivy.go:40.23,42.5 1 0
github.com/go-nv/goenv/internal/sbom/trivy.go:46.2,46.47 1 0
github.com/go-nv/goenv/internal/sbom/trivy.go:50.43,53.2 2 0
github.com/go-nv/goenv/internal/sbom/trivy.go:56.58,75.2 1 1
github.com/go-nv/goenv/internal/sbom/trivy.go:78.59,87.2 2 1
github.com/go-nv/goenv/internal/sbom/trivy.go:90.90,94.25 2 0
github.com/go-nv/goenv/internal/sbom/trivy.go:94.25,96.3 1 0
github.com/go-nv/goenv/internal/sbom/trivy.go:98.2,98.22 1 0
github.com/go-nv/goenv/internal/sbom/trivy.go:98.22,100.3 1 0
github.com/go-nv/goenv/internal/sbom/trivy.go:103.2,103.50 1 0
github.com/go-nv/goenv/internal/sbom/trivy.go:103.50,105.3 1 0
github.com/go-nv/goenv/internal/sbom/trivy.go:108.2,115.16 5 0
github.com/go-nv/goenv/internal/sbom/trivy.go:115.16,117.42 1 0
github.com/go-nv/goenv/internal/sbom/trivy.go:117.42,119.4 1 0
github.com/go-nv/goenv/internal/sbom/trivy.go:124.2,125.16 2 0
github.com/go-nv/goenv/internal/sbom/trivy.go:125.16,127.3 1 0
github.com/go-nv/goenv/internal/sbom/trivy.go:130.2,138.20 8 0
github.com/go-nv/goenv/internal/sbom/trivy.go:142.67,150.29 3 1
github.com/go-nv/goenv/internal/sbom/trivy.go:150.29,152.3 1 0
github.com/go-nv/goenv/internal/sbom/trivy.go:153.2,156.27 2 1
github.com/go-nv/goenv/internal/sbom/trivy.go:156.27,158.3 1 1
github.com/go-nv/goenv/internal/sbom/trivy.go:161.2,161.34 1 1
github.com/go-nv/goenv/internal/sbom/trivy.go:161.34,163.3 1 1
github.com/go-nv/goenv/internal/sbom/trivy.go:166.2,166.23 1 1
github.com/go-nv/goenv/internal/sbom/trivy.go:166.23,168.3 1 0
github.com/go-nv/goenv/internal/sbom/trivy.go:171.2,171.18 1 1
github.com/go-nv/goenv/internal/sbom/trivy.go:171.18,173.3 1 1
github.com/go-nv/goenv/internal/sbom/trivy.go:176.2,176.20 1 1
github.com/go-nv/goenv/internal/sbom/trivy.go:176.20,178.3 1 1
github.com/go-nv/goenv/internal/sbom/trivy.go:181.2,181.18 1 1
github.com/go-nv/goenv/internal/sbom/trivy.go:181.18,183.3 1 1
github.com/go-nv/goenv/internal/sbom/trivy.go:186.2,186.19 1 1
github.com/go-nv/goenv/internal/sbom/trivy.go:186.19,188.3 1 1
github.com/go-nv/goenv/internal/sbom/trivy.go:191.2,193.13 2 1
github.com/go-nv/goenv/internal/sbom/trivy.go:197.66,201.18 2 0
github.com/go-nv/goenv/internal/sbom/trivy.go:201.18,203.3 1 0
github.com/go-nv/goenv/internal/sbom/trivy.go:205.2,205.12 1 0
github.com/go-nv/goenv/internal/sbom/trivy.go:209.94,259.59 2 0
github.com/go-nv/goenv/internal/sbom/trivy.go:259.59,261.3 1 0
github.com/go-nv/goenv/internal/sbom/trivy.go:263.2,270.42 2 0
github.com/go-nv/goenv/internal/sbom/trivy.go:270.42,271.42 1 0
github.com/go-nv/goenv/internal/sbom/trivy.go:271.42,294.24 2 0
github.com/go-nv/goenv/internal/sbom/trivy.go:294.24,295.34 1 0
github.com/go-nv/goenv/internal/sbom/trivy.go:295.34,296.26 1 0
github.com/go-nv/goenv/internal/sbom/trivy.go:296.26,298.12 2 0
github.com/go-nv/goenv/internal/sbom/trivy.go:299.12,299.33 1 0
github.com/go-nv/goenv/internal/sbom/trivy.go:299.33,301.7 1 0
github.com/go-nv/goenv/internal/sbom/trivy.go:306.4,306.27 1 0
github.com/go-nv/goenv/internal/sbom/trivy.go:306.27,308.5 1 0
github.com/go-nv/goenv/internal/sbom/trivy.go:310.4,314.40 3 0
github.com/go-nv/goenv/internal/sbom/trivy.go:315.26,316.30 1 0
github.com/go-nv/goenv/internal/sbom/trivy.go:317.22,318.26 1 0
github.com/go-nv/goenv/internal/sbom/trivy.go:319.24,320.28 1 0
github.com/go-nv/goenv/internal/sbom/trivy.go:321.21,322.25 1 0
github.com/go-nv/goenv/internal/sbom/trivy.go:323.28,324.32 1 0
github.com/go-nv/goenv/internal/sbom/trivy.go:325.12,326.29 1 0
github.com/go-nv/goenv/internal/sbom/trivy.go:329.4,329.25 1 0
github.com/go-nv/goenv/internal/sbom/trivy.go:329.25,331.5 1 0
github.com/go-nv/goenv/internal/sbom/trivy.go:331.10,333.5 1 0
github.com/go-nv/goenv/internal/sbom/trivy.go:337.2,337.20 1 0
github.com/go-nv/goenv/internal/sbom/trivy.go:341.64,342.19 1 1
github.com/go-nv/goenv/internal/sbom/trivy.go:343.27,344.21 1 1
github.com/go-nv/goenv/internal/sbom/trivy.go:345.12,346.21 1 1
github.com/go-nv/goenv/internal/sbom/trivy.go:347.10,348.19 1 1
github.com/go-nv/goenv/internal/sbom/trivy.go:353.66,355.18 2 1
github.com/go-nv/goenv/internal/sbom/trivy.go:356.18,357.20 1 1
github.com/go-nv/goenv/internal/sbom/trivy.go:358.14,359.16 1 1
github.com/go-nv/goenv/internal/sbom/trivy.go:360.16,361.18 1 1
github.com/go-nv/goenv/internal/sbom/trivy.go:362.13,363.15 1 1
github.com/go-nv/goenv/internal/sbom/trivy.go:364.17,365.22 1 1
github.com/go-nv/goenv/internal/sbom/trivy.go:366.10,367.19 1 1
github.com/go-nv/goenv/internal/sbom/trivy.go:372.42,416.65 2 0
github.com/go-nv/goenv/internal/sbom/trivy.go:416.65,418.3 1 0
github.com/go-nv/goenv/internal/sbom/trivy.go:420.2,420.12 1 0
github.com/go-nv/goenv/internal/sbom/trivy.go:424.61,426.34 2 0
github.com/go-nv/goenv/internal/sbom/trivy.go:426.34,428.3 1 0
github.com/go-nv/goenv/internal/sbom/trivy.go:431.2,432.61 2 0
github.com/go-nv/goenv/internal/sbom/trivy.go:432.61,434.3 1 0
github.com/go-nv/goenv/internal/sbom/trivy.go:436.2,442.46 3 0
github.com/go-nv/goenv/internal/sbom/trivy.go:442.46,445.3 2 0
github.com/go-nv/goenv/internal/sbom/trivy.go:447.2,447.18 1 0
github.com/go-nv/goenv/internal/sbom/veracode.go:24.44,29.2 1 1
github.com/go-nv/goenv/internal/sbom/veracode.go:32.41,34.2 1 1
github.com/go-nv/goenv/internal/sbom/veracode.go:37.53,40.16 3 0
github.com/go-nv/goenv/internal/sbom/veracode.go:40.16,42.3 1 0
github.com/go-nv/goenv/internal/sbom/veracode.go:43.2,43.47 1 0
github.com/go-nv/goenv/internal/sbom/veracode.go:47.46,50.16 2 0
github.com/go-nv/goenv/internal/sbom/veracode.go:50.16,52.3 1 0
github.com/go-nv/goenv/internal/sbom/veracode.go:55.2,55.40 1 0
github.com/go-nv/goenv/internal/sbom/veracode.go:55.40,57.3 1 0
github.com/go-nv/goenv/internal/sbom/veracode.go:60.2,61.48 2 0
github.com/go-nv/goenv/internal/sbom/veracode.go:61.48,63.3 1 0
github.com/go-nv/goenv/internal/sbom/veracode.go:65.2,65.13 1 0
github.com/go-nv/goenv/internal/sbom/veracode.go:69.51,71.60 1 0
github.com/go-nv/goenv/internal/sbom/veracode.go:71.60,73.3 1 0
github.com/go-nv/goenv/internal/sbom/veracode.go:76.2,82.35 2 0
github.com/go-nv/goenv/internal/sbom/veracode.go:82.35,83.42 1 0
github.com/go-nv/goenv/internal/sbom/veracode.go:83.42,85.4 1 0
github.com/go-nv/goenv/internal/sbom/veracode.go:88.2,88.30 1 0
github.com/go-nv/goenv/internal/sbom/veracode.go:92.61,125.2 1 0
github.com/go-nv/goenv/internal/sbom/veracode.go:128.62,137.2 2 0
github.com/go-nv/goenv/internal/sbom/veracode.go:140.93,144.40 2 0
github.com/go-nv/goenv/internal/sbom/veracode.go:144.40,146.3 1 0
github.com/go-nv/goenv/internal/sbom/veracode.go:149.2,150.16 2 0
github.com/go-nv/goenv/internal/sbom/veracode.go:150.16,152.3 1 0
github.com/go-nv/goenv/internal/sbom/veracode.go:155.2,156.16 2 0
github.com/go-nv/goenv/internal/sbom/veracode.go:156.16,158.3 1 0
github.com/go-nv/goenv/internal/sbom/veracode.go:161.2,162.16 2 0
github.com/go-nv/goenv/internal/sbom/veracode.go:162.16,164.3 1 0
github.com/go-nv/goenv/internal/sbom/veracode.go:166.2,167.20 2 0
github.com/go-nv/goenv/internal/sbom/veracode.go:171.111,180.16 5 0
github.com/go-nv/goenv/internal/sbom/veracode.go:180.16,182.3 1 0
github.com/go-nv/goenv/internal/sbom/veracode.go:183.2,183.48 1 0
github.com/go-nv/goenv/internal/sbom/veracode.go:183.48,185.3 1 0
github.com/go-nv/goenv/internal/sbom/veracode.go:188.2,191.39 3 0
github.com/go-nv/goenv/internal/sbom/veracode.go:191.39,193.3 1 0
github.com/go-nv/goenv/internal/sbom/veracode.go:196.2,197.16 2 0
github.com/go-nv/goenv/internal/sbom/veracode.go:197.16,199.3 1 0
github.com/go-nv/goenv/internal/sbom/veracode.go:202.2,208.16 5 0
github.com/go-nv/goenv/internal/sbom/veracode.go:208.16,210.3 1 0
github.com/go-nv/goenv/internal/sbom/veracode.go:211.2,215.28 3 0
github.com/go-nv/goenv/internal/sbom/veracode.go:215.28,217.3 1 0
github.com/go-nv/goenv/internal/sbom/veracode.go:220.2,224.66 2 0
github.com/go-nv/goenv/internal/sbom/veracode.go:224.66,226.3 1 0
github.com/go-nv/goenv/internal/sbom/veracode.go:228.2,228.31 1 0
github.com/go-nv/goenv/internal/sbom/veracode.go:232.124,236.53 3 0
github.com/go-nv/goenv/internal/sbom/veracode.go:236.53,237.10 1 0
github.com/go-nv/goenv/internal/sbom/veracode.go:238.21,239.25 1 0
github.com/go-nv/goenv/internal/sbom/veracode.go:240.38,243.18 2 0
github.com/go-nv/goenv/internal/sbom/veracode.go:243.18,244.13 1 0
github.com/go-nv/goenv/internal/sbom/veracode.go:247.4,252.18 5 0
github.com/go-nv/goenv/internal/sbom/veracode.go:252.18,253.13 1 0
github.com/go-nv/goenv/internal/sbom/veracode.go:256.4,259.40 3 0
github.com/go-nv/goenv/internal/sbom/veracode.go:259.40,262.5 1 0
github.com/go-nv/goenv/internal/sbom/veracode.go:264.4,264.72 1 0
github.com/go-nv/goenv/internal/sbom/veracode.go:264.72,266.5 1 0
github.com/go-nv/goenv/internal/sbom/veracode.go:270.2,270.74 1 0
github.com/go-nv/goenv/internal/sbom/veracode.go:274.101,297.59 2 0
github.com/go-nv/goenv/internal/sbom/veracode.go:297.59,299.3 1 0
github.com/go-nv/goenv/internal/sbom/veracode.go:301.2,312.43 3 0
github.com/go-nv/goenv/internal/sbom/veracode.go:312.43,327.3 2 0
github.com/go-nv/goenv/internal/sbom/veracode.go:330.2,332.20 2 0
github.com/go-nv/goenv/internal/sbom/veracode.go:336.71,342.2 1 0
github.com/go-nv/goenv/internal/sbom/veracode.go:345.69,347.18 2 0
github.com/go-nv/goenv/internal/sbom/veracode.go:348.43,349.20 1 0
github.com/go-nv/goenv/internal/sbom/veracode.go:350.14,351.16 1 0
github.com/go-nv/goenv/internal/sbom/veracode.go:352.16,353.18 1 0
github.com/go-nv/goenv/internal/sbom/veracode.go:354.13,355.15 1 0
github.com/go-nv/goenv/internal/sbom/veracode.go:356.29,357.22 1 0
github.com/go-nv/goenv/internal/sbom/veracode.go:358.10,359.19 1 0
github.com/go-nv/goenv/internal/sbom/veracode.go:364.88,369.26 2 0
github.com/go-nv/goenv/internal/sbom/veracode.go:369.26,370.21 1 0
github.com/go-nv/goenv/internal/sbom/veracode.go:371.19,372.22 1 0
github.com/go-nv/goenv/internal/sbom/veracode.go:373.15,374.18 1 0
github.com/go-nv/goenv/internal/sbom/veracode.go:375.17,376.20 1 0
github.com/go-nv/goenv/internal/sbom/veracode.go:377.14,378.17 1 0
github.com/go-nv/goenv/internal/sbom/veracode.go:379.21,380.24 1 0
github.com/go-nv/goenv/internal/sbom/veracode.go:381.11,382.21 1 0
github.com/go-nv/goenv/internal/sbom/veracode.go:385.3,385.21 1 0
github.com/go-nv/goenv/internal/sbom/veracode.go:385.21,387.4 1 0
github.com/go-nv/goenv/internal/sbom/veracode.go:387.9,389.4 1 0
github.com/go-nv/goenv/internal/sbom/veracode.go:392.2,392.16 1 0
